 TEST_IPM_2_0_sfun

 Timestamp is 655f3a7c (Thu Nov 23 19:41:48 2023)

 Preferred load address is 0000000180000000

 Start         Length     Name                   Class
 0001:00000000 000181d0H .text$mn                CODE
 0001:000181d0 00000036H .text$mn$00             CODE
 0001:00018206 00000092H .text$x                 CODE
 0002:00000000 000004d0H .idata$5                DATA
 0002:000004d0 00000028H .00cfg                  DATA
 0002:000004f8 00000008H .CRT$XCA                DATA
 0002:00000500 00000008H .CRT$XCZ                DATA
 0002:00000508 00000008H .CRT$XIA                DATA
 0002:00000510 00000008H .CRT$XIZ                DATA
 0002:00000518 00000008H .CRT$XPA                DATA
 0002:00000520 00000008H .CRT$XPZ                DATA
 0002:00000528 00000008H .CRT$XTA                DATA
 0002:00000530 00000010H .CRT$XTZ                DATA
 0002:00000538 00000000H .gehcont$y              DATA
 0002:00000538 00000000H .gfids$y                DATA
 0002:00000540 00000710H .rdata                  DATA
 0002:00000c50 00000218H .rdata$zzzdbg           DATA
 0002:00000e68 00000008H .rtc$IAA                DATA
 0002:00000e70 00000008H .rtc$IZZ                DATA
 0002:00000e78 00000008H .rtc$TAA                DATA
 0002:00000e80 00000008H .rtc$TZZ                DATA
 0002:00000e88 000009d8H .xdata                  DATA
 0002:00001860 0000007cH .edata                  DATA
 0002:000018dc 00000104H .idata$2                DATA
 0002:000019e0 00000018H .idata$3                DATA
 0002:000019f8 000004d0H .idata$4                DATA
 0002:00001ec8 00000ef6H .idata$6                DATA
 0003:00000000 000033f0H .data                   DATA
 0003:000033f0 00000e00H .bss                    DATA
 0004:00000000 00000ba0H .pdata                  DATA

  Address         Publics by Value              Rva+Base               Lib:Object

 0000:00000000       __guard_fids_table         0000000000000000     <absolute>
 0000:00000000       __guard_fids_count         0000000000000000     <absolute>
 0000:00000000       __volatile_metadata        0000000000000000     <absolute>
 0000:00000000       __dynamic_value_reloc_table 0000000000000000     <absolute>
 0000:00000000       __guard_longjmp_table      0000000000000000     <absolute>
 0000:00000000       __guard_eh_cont_count      0000000000000000     <absolute>
 0000:00000000       __x64_code_ranges_to_entry_points 0000000000000000     <absolute>
 0000:00000000       __AbsoluteZero             0000000000000000     <absolute>
 0000:00000000       __hybrid_code_map_count    0000000000000000     <absolute>
 0000:00000000       __guard_iat_count          0000000000000000     <absolute>
 0000:00000000       __hybrid_auxiliary_iat     0000000000000000     <absolute>
 0000:00000000       __arm64x_redirection_metadata_count 0000000000000000     <absolute>
 0000:00000000       ___safe_se_handler_table   0000000000000000     <absolute>
 0000:00000000       __arm64x_extra_rfe_table   0000000000000000     <absolute>
 0000:00000000       ___safe_se_handler_count   0000000000000000     <absolute>
 0000:00000000       __arm64x_native_entrypoint 0000000000000000     <absolute>
 0000:00000000       __arm64x_redirection_metadata 0000000000000000     <absolute>
 0000:00000000       __guard_eh_cont_table      0000000000000000     <absolute>
 0000:00000000       __arm64x_extra_rfe_table_size 0000000000000000     <absolute>
 0000:00000000       __enclave_config           0000000000000000     <absolute>
 0000:00000000       __guard_iat_table          0000000000000000     <absolute>
 0000:00000000       __guard_longjmp_count      0000000000000000     <absolute>
 0000:00000000       __x64_code_ranges_to_entry_points_count 0000000000000000     <absolute>
 0000:00000000       __hybrid_code_map          0000000000000000     <absolute>
 0000:00000100       __guard_flags              0000000000000100     <absolute>
 0000:00000000       __ImageBase                0000000180000000     <linker-defined>
 0001:00000000       TEST_IPM_2_0_initializer   0000000180001000 f   TEST_IPM_2_0_sfun.obj
 0001:00000010       TEST_IPM_2_0_terminator    0000000180001010 f   TEST_IPM_2_0_sfun.obj
 0001:00000020       load_TEST_IPM_2_0_optimization_info 0000000180001020 f   TEST_IPM_2_0_sfun.obj
 0001:000000d0       unload_TEST_IPM_2_0_optimization_info 00000001800010d0 f   TEST_IPM_2_0_sfun.obj
 0001:00000100       sf_TEST_IPM_2_0_method_dispatcher 0000000180001100 f   TEST_IPM_2_0_sfun.obj
 0001:00000120       sf_TEST_IPM_2_0_process_check_sum_call 0000000180001120 f   TEST_IPM_2_0_sfun.obj
 0001:00000600       sf_TEST_IPM_2_0_get_eml_resolved_functions_info 0000000180001600 f   TEST_IPM_2_0_sfun.obj
 0001:00000790       sf_TEST_IPM_2_0_third_party_uses_info 0000000180001790 f   TEST_IPM_2_0_sfun.obj
 0001:00000920       sf_TEST_IPM_2_0_jit_fallback_info 0000000180001920 f   TEST_IPM_2_0_sfun.obj
 0001:00000ab0       sf_TEST_IPM_2_0_get_post_codegen_info 0000000180001ab0 f   TEST_IPM_2_0_sfun.obj
 0001:00000c40       sf_TEST_IPM_2_0_updateBuildInfo_args_info 0000000180001c40 f   TEST_IPM_2_0_sfun.obj
 0001:00000dd0       TEST_IPM_2_0_register_exported_symbols 0000000180001dd0 f   TEST_IPM_2_0_sfun.obj
 0001:00000de0       mexFunction                0000000180001de0 f   TEST_IPM_2_0_sfun_registry.obj
 0001:00003380       _ssSetInputPortDirectFeedThroughFcn 0000000180004380 f   TEST_IPM_2_0_sfun_registry.obj
 0001:000034f0       _ssSetRWorkValueFcn        00000001800044f0 f   TEST_IPM_2_0_sfun_registry.obj
 0001:00003570       _ssGetRWorkValueFcn        0000000180004570 f   TEST_IPM_2_0_sfun_registry.obj
 0001:000035e0       _ssSetIWorkValueFcn        00000001800045e0 f   TEST_IPM_2_0_sfun_registry.obj
 0001:00003660       _ssGetIWorkValueFcn        0000000180004660 f   TEST_IPM_2_0_sfun_registry.obj
 0001:000036d0       _ssSetPWorkValueFcn        00000001800046d0 f   TEST_IPM_2_0_sfun_registry.obj
 0001:00003750       _ssGetPWorkValueFcn        0000000180004750 f   TEST_IPM_2_0_sfun_registry.obj
 0001:000037c0       _ssGetInputPortSignalFcn   00000001800047c0 f   TEST_IPM_2_0_sfun_registry.obj
 0001:00003b50       _ssGetInputPortBufferDstPortFcn 0000000180004b50 f   TEST_IPM_2_0_sfun_registry.obj
 0001:00003bd0       _ssGetInputPortSignalPtrsFcn 0000000180004bd0 f   TEST_IPM_2_0_sfun_registry.obj
 0001:00003f60       ssGetParameterTuningCompliance 0000000180004f60 f   TEST_IPM_2_0_sfun_registry.obj
 0001:00003fd0       ssGetDTypeIdFromMxArray    0000000180004fd0 f   TEST_IPM_2_0_sfun_registry.obj
 0001:000040f0       ssWriteRTWMx2dMatParam     00000001800050f0 f   TEST_IPM_2_0_sfun_registry.obj
 0001:00004180       ssWriteRTWMxVectParam      0000000180005180 f   TEST_IPM_2_0_sfun_registry.obj
 0001:00004200       ssWriteRTWParameters       0000000180005200 f   TEST_IPM_2_0_sfun_registry.obj
 0001:000047c0       ssWriteRTWParamSettings    00000001800057c0 f   TEST_IPM_2_0_sfun_registry.obj
 0001:00004eb0       ssWriteRTWStr              0000000180005eb0 f   TEST_IPM_2_0_sfun_registry.obj
 0001:00004f10       ssWriteRTWWorkVect         0000000180005f10 f   TEST_IPM_2_0_sfun_registry.obj
 0001:00005470       ssWarning                  0000000180006470 f   TEST_IPM_2_0_sfun_registry.obj
 0001:00005560       ssWriteRTWNameValuePair    0000000180006560 f   TEST_IPM_2_0_sfun_registry.obj
 0001:00005a60       _ssSetInputPortMatrixDimensions 0000000180006a60 f   TEST_IPM_2_0_sfun_registry.obj
 0001:00005b80       _ssSetOutputPortMatrixDimensions 0000000180006b80 f   TEST_IPM_2_0_sfun_registry.obj
 0001:00005ca0       _ssSetInputPortVectorDimension 0000000180006ca0 f   TEST_IPM_2_0_sfun_registry.obj
 0001:00005d50       _ssSetOutputPortVectorDimension 0000000180006d50 f   TEST_IPM_2_0_sfun_registry.obj
 0001:00005e00       ssIsRunTimeParamTunable    0000000180006e00 f   TEST_IPM_2_0_sfun_registry.obj
 0001:00005e70       ssGetSFuncBlockHandle      0000000180006e70 f   TEST_IPM_2_0_sfun_registry.obj
 0001:00005ee0       _ssGetCurrentInputPortWidth 0000000180006ee0 f   TEST_IPM_2_0_sfun_registry.obj
 0001:00006000       _ssGetCurrentOutputPortWidth 0000000180007000 f   TEST_IPM_2_0_sfun_registry.obj
 0001:00006120       _ssGetCallSystemNumFcnCallDestinations 0000000180007120 f   TEST_IPM_2_0_sfun_registry.obj
 0001:00006190       ssGetIsZeroCrossControlDisabled 0000000180007190 f   TEST_IPM_2_0_sfun_registry.obj
 0001:00006200       ssSetIsInputPortUsedForContZcSignal 0000000180007200 f   TEST_IPM_2_0_sfun_registry.obj
 0001:00006270       ssSetZcSignalIsZcElementDisc 0000000180007270 f   TEST_IPM_2_0_sfun_registry.obj
 0001:00006320       ssSetZcSignalName          0000000180007320 f   TEST_IPM_2_0_sfun_registry.obj
 0001:00006390       ssSetZcSignalWidth         0000000180007390 f   TEST_IPM_2_0_sfun_registry.obj
 0001:00006400       ssSetZcSignalZcEventType   0000000180007400 f   TEST_IPM_2_0_sfun_registry.obj
 0001:00006470       ssSetZcSignalType          0000000180007470 f   TEST_IPM_2_0_sfun_registry.obj
 0001:000064e0       ssSetZcSignalZcTol         00000001800074e0 f   TEST_IPM_2_0_sfun_registry.obj
 0001:00006550       ssSetZcSignalNeedsEventNotification 0000000180007550 f   TEST_IPM_2_0_sfun_registry.obj
 0001:000065c0       ssCreateAndAddZcSignalInfo 00000001800075c0 f   TEST_IPM_2_0_sfun_registry.obj
 0001:00006630       ssCloneAndAddZcSignalInfo  0000000180007630 f   TEST_IPM_2_0_sfun_registry.obj
 0001:000066a0       ssGetNumZcSignals          00000001800076a0 f   TEST_IPM_2_0_sfun_registry.obj
 0001:00006710       ssGetZcSignalVector        0000000180007710 f   TEST_IPM_2_0_sfun_registry.obj
 0001:00006780       ssGetZcSignalName          0000000180007780 f   TEST_IPM_2_0_sfun_registry.obj
 0001:000067f0       ssGetZcSignalWidth         00000001800077f0 f   TEST_IPM_2_0_sfun_registry.obj
 0001:00006860       ssGetZcSignalZcEventType   0000000180007860 f   TEST_IPM_2_0_sfun_registry.obj
 0001:000068d0       ssGetZcSignalZcEvents      00000001800078d0 f   TEST_IPM_2_0_sfun_registry.obj
 0001:00006940       ssGetZcSignalType          0000000180007940 f   TEST_IPM_2_0_sfun_registry.obj
 0001:000069b0       ssGetZcSignalZcTol         00000001800079b0 f   TEST_IPM_2_0_sfun_registry.obj
 0001:00006a30       ssGetZcSignalNeedsEventNotification 0000000180007a30 f   TEST_IPM_2_0_sfun_registry.obj
 0001:00006aa0       ssGetZcSignalIsZcElementDisc 0000000180007aa0 f   TEST_IPM_2_0_sfun_registry.obj
 0001:00006b40       ssGetIsInputPortElementContinuous 0000000180007b40 f   TEST_IPM_2_0_sfun_registry.obj
 0001:00006be0       _ssGetAbsTol               0000000180007be0 f   TEST_IPM_2_0_sfun_registry.obj
 0001:00006c50       _ssSetStateAbsTol          0000000180007c50 f   TEST_IPM_2_0_sfun_registry.obj
 0001:00006d30       _ssSetInputPortReusableFcn 0000000180007d30 f   TEST_IPM_2_0_sfun_registry.obj
 0001:00006e30       _ssSetOutputPortReusableFcn 0000000180007e30 f   TEST_IPM_2_0_sfun_registry.obj
 0001:00006f30       _ssSetSymbolicDimsSupport  0000000180007f30 f   TEST_IPM_2_0_sfun_registry.obj
 0001:00006fa0       _ssRegisterSymbolicDimsExpr 0000000180007fa0 f   TEST_IPM_2_0_sfun_registry.obj
 0001:00007020       _ssRegisterSymbolicDims    0000000180008020 f   TEST_IPM_2_0_sfun_registry.obj
 0001:000070c0       _ssRegisterSymbolicDimsString 00000001800080c0 f   TEST_IPM_2_0_sfun_registry.obj
 0001:00007140       _ssRegisterSymbolicDimsIntValue 0000000180008140 f   TEST_IPM_2_0_sfun_registry.obj
 0001:000071b0       _ssRegisterSymbolicDimsPlus 00000001800081b0 f   TEST_IPM_2_0_sfun_registry.obj
 0001:00007230       _ssRegisterSymbolicDimsMinus 0000000180008230 f   TEST_IPM_2_0_sfun_registry.obj
 0001:000072b0       _ssRegisterSymbolicDimsMultiply 00000001800082b0 f   TEST_IPM_2_0_sfun_registry.obj
 0001:00007330       _ssRegisterSymbolicDimsDivide 0000000180008330 f   TEST_IPM_2_0_sfun_registry.obj
 0001:000073b0       _ssGetNumSymbolicDims      00000001800083b0 f   TEST_IPM_2_0_sfun_registry.obj
 0001:00007420       _ssGetSymbolicDim          0000000180008420 f   TEST_IPM_2_0_sfun_registry.obj
 0001:000074a0       _ssSetInputPortSymbolicDimsId 00000001800084a0 f   TEST_IPM_2_0_sfun_registry.obj
 0001:00007510       _ssGetCompInputPortSymbolicDimsId 0000000180008510 f   TEST_IPM_2_0_sfun_registry.obj
 0001:00007580       _ssSetCompInputPortSymbolicDimsId 0000000180008580 f   TEST_IPM_2_0_sfun_registry.obj
 0001:000075f0       _ssSetOutputPortSymbolicDimsId 00000001800085f0 f   TEST_IPM_2_0_sfun_registry.obj
 0001:00007660       _ssGetCompOutputPortSymbolicDimsId 0000000180008660 f   TEST_IPM_2_0_sfun_registry.obj
 0001:000076d0       _ssSetCompOutputPortSymbolicDimsId 00000001800086d0 f   TEST_IPM_2_0_sfun_registry.obj
 0001:00007740       _ssSetCompDWorkSymbolicDimsId 0000000180008740 f   TEST_IPM_2_0_sfun_registry.obj
 0001:000077b0       sf_process_check_sum_call  00000001800087b0 f   TEST_IPM_2_0_sfun_registry.obj
 0001:00007820       sf_process_get_third_party_uses_info_call 0000000180008820 f   TEST_IPM_2_0_sfun_registry.obj
 0001:00007b10       sf_process_get_jit_fallback_info_call 0000000180008b10 f   TEST_IPM_2_0_sfun_registry.obj
 0001:00007e00       sf_process_get_post_codegen_info_call 0000000180008e00 f   TEST_IPM_2_0_sfun_registry.obj
 0001:000080f0       sf_process_get_updateBuildInfo_args_info_call 00000001800090f0 f   TEST_IPM_2_0_sfun_registry.obj
 0001:000083e0       sf_process_get_eml_resolved_functions_info_call 00000001800093e0 f   TEST_IPM_2_0_sfun_registry.obj
 0001:000086d0       sf_mex_unlock_call         00000001800096d0 f   TEST_IPM_2_0_sfun_registry.obj
 0001:000088f0       sf_machine_global_initializer_called 00000001800098f0 f   TEST_IPM_2_0_sfun_registry.obj
 0001:00008920       sf_machine_global_method_dispatcher 0000000180009920 f   TEST_IPM_2_0_sfun_registry.obj
 0001:000089c0       sf_machine_global_terminator 00000001800099c0 f   TEST_IPM_2_0_sfun_registry.obj
 0001:00008a00       sf_register_machine_exported_symbols 0000000180009a00 f   TEST_IPM_2_0_sfun_registry.obj
 0001:00008a30       callCustomFcn              0000000180009a30 f   TEST_IPM_2_0_sfun_registry.obj
 0001:00008a40       sf_machine_global_initializer 0000000180009a40 f   TEST_IPM_2_0_sfun_registry.obj
 0001:00008ac0       mdlGetSimState             0000000180009ac0 f   TEST_IPM_2_0_sfun_registry.obj
 0001:00008b00       mdlSetSimState             0000000180009b00 f   TEST_IPM_2_0_sfun_registry.obj
 0001:00009370       ProcessMexSfunctionEveryCall 000000018000a370 f   TEST_IPM_2_0_sfun_registry.obj
 0001:0000a480       __local_stdio_printf_options 000000018000b480 f i TEST_IPM_2_0_sfun_registry.obj
 0001:0000a490       _vsnprintf_l               000000018000b490 f i TEST_IPM_2_0_sfun_registry.obj
 0001:0000a510       _vsprintf_l                000000018000b510 f i TEST_IPM_2_0_sfun_registry.obj
 0001:0000a560       sprintf                    000000018000b560 f i TEST_IPM_2_0_sfun_registry.obj
 0001:0000a5b0       mexfilerequiredapiversion  000000018000b5b0 f   c_mexapi_version.obj
 0001:0000a5e0       canblocks_extras_initializer 000000018000b5e0 f   canblocks_extras_sfun:canblocks_extras_sfun.obj
 0001:0000a5f0       canblocks_extras_terminator 000000018000b5f0 f   canblocks_extras_sfun:canblocks_extras_sfun.obj
 0001:0000a600       load_canblocks_extras_optimization_info 000000018000b600 f   canblocks_extras_sfun:canblocks_extras_sfun.obj
 0001:0000a6b0       unload_canblocks_extras_optimization_info 000000018000b6b0 f   canblocks_extras_sfun:canblocks_extras_sfun.obj
 0001:0000a6e0       sf_canblocks_extras_method_dispatcher 000000018000b6e0 f   canblocks_extras_sfun:canblocks_extras_sfun.obj
 0001:0000a730       sf_canblocks_extras_process_check_sum_call 000000018000b730 f   canblocks_extras_sfun:canblocks_extras_sfun.obj
 0001:0000ab30       sf_canblocks_extras_get_eml_resolved_functions_info 000000018000bb30 f   canblocks_extras_sfun:canblocks_extras_sfun.obj
 0001:0000ad10       sf_canblocks_extras_third_party_uses_info 000000018000bd10 f   canblocks_extras_sfun:canblocks_extras_sfun.obj
 0001:0000aee0       sf_canblocks_extras_jit_fallback_info 000000018000bee0 f   canblocks_extras_sfun:canblocks_extras_sfun.obj
 0001:0000b0b0       sf_canblocks_extras_get_post_codegen_info 000000018000c0b0 f   canblocks_extras_sfun:canblocks_extras_sfun.obj
 0001:0000b290       sf_canblocks_extras_updateBuildInfo_args_info 000000018000c290 f   canblocks_extras_sfun:canblocks_extras_sfun.obj
 0001:0000b460       canblocks_extras_register_exported_symbols 000000018000c460 f   canblocks_extras_sfun:canblocks_extras_sfun.obj
 0001:0000b470       sf_c28_canblocks_extras_get_eml_resolved_functions_info 000000018000c470 f   canblocks_extras_sfun:c28_canblocks_extras.obj
 0001:0000b4f0       sf_c28_canblocks_extras_get_check_sum 000000018000c4f0 f   canblocks_extras_sfun:c28_canblocks_extras.obj
 0001:0000b5c0       c28_canblocks_extras_method_dispatcher 000000018000c5c0 f   canblocks_extras_sfun:c28_canblocks_extras.obj
 0001:00016170       sf_c28_canblocks_extras_third_party_uses_info 0000000180017170 f   canblocks_extras_sfun:c28_canblocks_extras.obj
 0001:000161a0       sf_c28_canblocks_extras_jit_fallback_info 00000001800171a0 f   canblocks_extras_sfun:c28_canblocks_extras.obj
 0001:00016330       sf_c28_canblocks_extras_updateBuildInfo_args_info 0000000180017330 f   canblocks_extras_sfun:c28_canblocks_extras.obj
 0001:00016690       sf_c28_canblocks_extras_get_post_codegen_info 0000000180017690 f   canblocks_extras_sfun:c28_canblocks_extras.obj
 0001:00016bed       sf_load_rtw_optimization_info 0000000180017bed f   sf_runtime:sf_runtime.dll
 0001:00016bf3       sf_get_ChartInfoStruct_CodeGen 0000000180017bf3 f   sf_runtime:sf_runtime.dll
 0001:00016bf9       sf_get_hasSeparateUpdateOutputs 0000000180017bf9 f   sf_runtime:sf_runtime.dll
 0001:00016bff       callMdlMethodAndReportError 0000000180017bff f   sf_runtime:sf_runtime.dll
 0001:00016c05       sim_mode_is_rtw_gen        0000000180017c05 f   sf_runtime:sf_runtime.dll
 0001:00016c0b       call_sf_machine_global_method_dispatcher 0000000180017c0b f   sf_runtime:sf_runtime.dll
 0001:00016c11       getRuntimeInstanceInfoAsVoid 0000000180017c11 f   sf_runtime:sf_runtime.dll
 0001:00016c17       sf_mex_error_direct_call   0000000180017c17 f   sf_runtime:sf_runtime.dll
 0001:00016c1d       sf_clear_error_manager_info 0000000180017c1d f   sf_runtime:sf_runtime.dll
 0001:00016c23       sf_mex_decode              0000000180017c23 f   sf_runtime:sf_runtime.dll
 0001:00016c29       sf_init_ChartRunTimeInfo   0000000180017c29 f   sf_runtime:sf_runtime.dll
 0001:00016c2f       sf_free_ChartRunTimeInfo   0000000180017c2f f   sf_runtime:sf_runtime.dll
 0001:00016c35       sfrtGetEmlrtCtx            0000000180017c35 f   sf_runtime:sf_runtime.dll
 0001:00016c3b       sfrtGetCovrtInstance       0000000180017c3b f   sf_runtime:sf_runtime.dll
 0001:00016c41       sf_get_chart_instance_ptr  0000000180017c41 f   sf_runtime:sf_runtime.dll
 0001:00016c47       sim_mode_is_external       0000000180017c47 f   sf_runtime:sf_runtime.dll
 0001:00016c4d       sf_mex_get_sfun_param      0000000180017c4d f   sf_runtime:sf_runtime.dll
 0001:00016c53       sf_clear_rtw_identifier    0000000180017c53 f   sf_runtime:sf_runtime.dll
 0001:00016c59       sf_get_time                0000000180017c59 f   sf_runtime:sf_runtime.dll
 0001:00016c5f       sf_force_animation_for_chart_exec_at_init 0000000180017c5f f   sf_runtime:sf_runtime.dll
 0001:00016c65       sfDoAnimationWrapper       0000000180017c65 f   sf_runtime:sf_runtime.dll
 0001:00016c6b       setDataBrowseFcn           0000000180017c6b f   sf_runtime:sf_runtime.dll
 0001:00016c71       setLegacyDebuggerFlag      0000000180017c71 f   sf_runtime:sf_runtime.dll
 0001:00016c77       setDebuggerFlag            0000000180017c77 f   sf_runtime:sf_runtime.dll
 0001:00016c7d       sf_warn_if_symbolic_dimension_param_changed 0000000180017c7d f   sf_runtime:sf_runtime.dll
 0001:00016c83       sf_set_work_widths         0000000180017c83 f   sf_runtime:sf_runtime.dll
 0001:00016c89       sfListenerCacheSimStruct   0000000180017c89 f   sf_runtime:sf_runtime.dll
 0001:00016c8f       sfListenerLightTerminate   0000000180017c8f f   sf_runtime:sf_runtime.dll
 0001:00016c95       sf_mex_error_message       0000000180017c95 f   sf_runtime:sf_runtime.dll
 0001:00016c9b       sf_mex_create              0000000180017c9b f   sf_runtime:sf_runtime.dll
 0001:00016ca1       sf_mex_createcellmatrix    0000000180017ca1 f   sf_runtime:sf_runtime.dll
 0001:00016ca7       sf_mex_setcell             0000000180017ca7 f   sf_runtime:sf_runtime.dll
 0001:00016cad       sf_mex_getcell             0000000180017cad f   sf_runtime:sf_runtime.dll
 0001:00016cb3       sf_mex_assign              0000000180017cb3 f   sf_runtime:sf_runtime.dll
 0001:00016cb9       sf_mex_dup                 0000000180017cb9 f   sf_runtime:sf_runtime.dll
 0001:00016cbf       sf_mex_destroy             0000000180017cbf f   sf_runtime:sf_runtime.dll
 0001:00016cc5       sf_mex_import              0000000180017cc5 f   sf_runtime:sf_runtime.dll
 0001:00016ccb       sf_mex_import_named        0000000180017ccb f   sf_runtime:sf_runtime.dll
 0001:00016cd1       sf_mex_duplicatearraysafe  0000000180017cd1 f   sf_runtime:sf_runtime.dll
 0001:00016cd7       ssGetInputPortSignal_wrapper 0000000180017cd7 f   sf_runtime:sf_runtime.dll
 0001:00016cdd       sf_data_overflow_error     0000000180017cdd f   sf_runtime:sf_runtime.dll
 0001:00016ce3       mxIsChar_800               0000000180017ce3 f   libmx:libmx.dll
 0001:00016ce9       mxGetScalar_800            0000000180017ce9 f   libmx:libmx.dll
 0001:00016cef       mxGetPr_800                0000000180017cef f   libmx:libmx.dll
 0001:00016cf5       mxDestroyArray_800         0000000180017cf5 f   libmx:libmx.dll
 0001:00016cfb       mxCreateDoubleMatrix_800   0000000180017cfb f   libmx:libmx.dll
 0001:00016d01       mxGetString_800            0000000180017d01 f   libmx:libmx.dll
 0001:00016d07       mxCalloc_800               0000000180017d07 f   libmx:libmx.dll
 0001:00016d0d       mxGetM_800                 0000000180017d0d f   libmx:libmx.dll
 0001:00016d13       mxGetClassID_800           0000000180017d13 f   libmx:libmx.dll
 0001:00016d19       mxIsNumeric_800            0000000180017d19 f   libmx:libmx.dll
 0001:00016d1f       mxIsComplex_800            0000000180017d1f f   libmx:libmx.dll
 0001:00016d25       mxGetN_800                 0000000180017d25 f   libmx:libmx.dll
 0001:00016d2b       mxCreateDoubleScalar_800   0000000180017d2b f   libmx:libmx.dll
 0001:00016d31       mxCreateString_800         0000000180017d31 f   libmx:libmx.dll
 0001:00016d37       mxDuplicateArray_800       0000000180017d37 f   libmx:libmx.dll
 0001:00016d3d       mxSetField_800             0000000180017d3d f   libmx:libmx.dll
 0001:00016d43       mxCreateCellMatrix_800     0000000180017d43 f   libmx:libmx.dll
 0001:00016d49       mxCreateStructMatrix_800   0000000180017d49 f   libmx:libmx.dll
 0001:00016d4f       mexMakeArrayPersistent_800 0000000180017d4f f   libmex:libmex.dll
 0001:00016d55       mexErrMsgTxt_800           0000000180017d55 f   libmex:libmex.dll
 0001:00016d5b       mexWarnMsgTxt_800          0000000180017d5b f   libmex:libmex.dll
 0001:00016d61       mexCallMATLAB_800          0000000180017d61 f   libmex:libmex.dll
 0001:00016d67       mexLock_800                0000000180017d67 f   libmex:libmex.dll
 0001:00016d6d       mexUnlock_800              0000000180017d6d f   libmex:libmex.dll
 0001:00016d73       mexIsLocked_800            0000000180017d73 f   libmex:libmex.dll
 0001:00016d79       utMalloc                   0000000180017d79 f   libut:libut.dll
 0001:00016d7f       utFree                     0000000180017d7f f   libut:libut.dll
 0001:00016d85       slcovUploadCoverageSynthesisBySimstruct 0000000180017d85 f   libmwsl_sfcn_cov_bridge:libmwsl_sfcn_cov_bridge.dll
 0001:00016d8b       covrtCreateStateflowInstanceData 0000000180017d8b f   libcovrt:libcovrt.dll
 0001:00016d91       covrtDeleteStateflowInstanceData 0000000180017d91 f   libcovrt:libcovrt.dll
 0001:00016d97       covrtRelationalopInitFcn   0000000180017d97 f   libcovrt:libcovrt.dll
 0001:00016d9d       covrtTransInitFcn          0000000180017d9d f   libcovrt:libcovrt.dll
 0001:00016da3       covrtStateInitFcn          0000000180017da3 f   libcovrt:libcovrt.dll
 0001:00016da9       covrtChartInitFcn          0000000180017da9 f   libcovrt:libcovrt.dll
 0001:00016daf       covrtRelationalopUpdateFcn 0000000180017daf f   libcovrt:libcovrt.dll
 0001:00016db5       covrtDecUpdateFcn          0000000180017db5 f   libcovrt:libcovrt.dll
 0001:00016dbb       covrtTransitionDecUpdateFcn 0000000180017dbb f   libcovrt:libcovrt.dll
 0001:00016dc1       covrtCondUpdateFcn         0000000180017dc1 f   libcovrt:libcovrt.dll
 0001:00016dc7       covrtSigUpdateFcn          0000000180017dc7 f   libcovrt:libcovrt.dll
 0001:00016dd0       __raise_securityfailure    0000000180017dd0 f   MSVCRT:gs_report.obj
 0001:00016e04       __report_gsfailure         0000000180017e04 f   MSVCRT:gs_report.obj
 0001:00016ed8       __report_rangecheckfailure 0000000180017ed8 f   MSVCRT:gs_report.obj
 0001:00016eec       __report_securityfailure   0000000180017eec f   MSVCRT:gs_report.obj
 0001:00016f88       __report_securityfailureEx 0000000180017f88 f   MSVCRT:gs_report.obj
 0001:0001717c       __GSHandlerCheck           000000018001817c f   MSVCRT:gshandler.obj
 0001:0001719c       __GSHandlerCheckCommon     000000018001819c f   MSVCRT:gshandler.obj
 0001:00017210       __security_check_cookie    0000000180018210 f   MSVCRT:amdsecgs.obj
 0001:00017570       _CRT_INIT                  0000000180018570 f   MSVCRT:dll_dllmain.obj
 0001:00017578       _DllMainCRTStartup         0000000180018578 f   MSVCRT:dll_dllmain.obj
 0001:00017624       __security_init_cookie     0000000180018624 f   MSVCRT:gs_support.obj
 0001:000176d0       DllMain                    00000001800186d0 f   MSVCRT:dll_dllmain_stub.obj
 0001:000176f4       ?__scrt_initialize_type_info@@YAXXZ 00000001800186f4 f   MSVCRT:tncleanup.obj
 0001:00017704       ?__scrt_uninitialize_type_info@@YAXXZ 0000000180018704 f   MSVCRT:tncleanup.obj
 0001:00017710       __local_stdio_scanf_options 0000000180018710 f i MSVCRT:default_local_stdio_options.obj
 0001:00017718       __scrt_initialize_default_local_stdio_options 0000000180018718 f   MSVCRT:default_local_stdio_options.obj
 0001:00017734       ?configure_argv@__scrt_narrow_argv_policy@@SAHXZ 0000000180018734 f i MSVCRT:utility.obj
 0001:00017794       ?initialize_environment@__scrt_narrow_environment_policy@@SAHXZ 0000000180018794 f i MSVCRT:utility.obj
 0001:000177cc       NtCurrentTeb               00000001800187cc f i MSVCRT:utility.obj
 0001:000177d8       __scrt_acquire_startup_lock 00000001800187d8 f   MSVCRT:utility.obj
 0001:00017814       __scrt_dllmain_after_initialize_c 0000000180018814 f   MSVCRT:utility.obj
 0001:00017848       __scrt_dllmain_before_initialize_c 0000000180018848 f   MSVCRT:utility.obj
 0001:00017860       __scrt_dllmain_crt_thread_attach 0000000180018860 f   MSVCRT:utility.obj
 0001:00017888       __scrt_dllmain_crt_thread_detach 0000000180018888 f   MSVCRT:utility.obj
 0001:000178a0       __scrt_dllmain_exception_filter 00000001800188a0 f   MSVCRT:utility.obj
 0001:00017900       __scrt_dllmain_uninitialize_c 0000000180018900 f   MSVCRT:utility.obj
 0001:00017930       __scrt_dllmain_uninitialize_critical 0000000180018930 f   MSVCRT:utility.obj
 0001:00017944       __scrt_initialize_crt      0000000180018944 f   MSVCRT:utility.obj
 0001:00017990       __scrt_initialize_onexit_tables 0000000180018990 f   MSVCRT:utility.obj
 0001:00017a1c       __scrt_is_nonwritable_in_current_image 0000000180018a1c f   MSVCRT:utility.obj
 0001:00017ab4       __scrt_release_startup_lock 0000000180018ab4 f   MSVCRT:utility.obj
 0001:00017ad8       __scrt_uninitialize_crt    0000000180018ad8 f   MSVCRT:utility.obj
 0001:00017b04       _onexit                    0000000180018b04 f   MSVCRT:utility.obj
 0001:00017b40       at_quick_exit              0000000180018b40 f   MSVCRT:utility.obj
 0001:00017b60       atexit                     0000000180018b60 f   MSVCRT:utility.obj
 0001:00017b78       __scrt_get_dyn_tls_init_callback 0000000180018b78 f   MSVCRT:dyn_tls_init.obj
 0001:00017b80       __crt_debugger_hook        0000000180018b80 f   MSVCRT:utility_desktop.obj
 0001:00017b88       __scrt_fastfail            0000000180018b88 f   MSVCRT:utility_desktop.obj
 0001:00017cd4       __scrt_get_show_window_mode 0000000180018cd4 f   MSVCRT:utility_desktop.obj
 0001:00017d10       __scrt_initialize_mta      0000000180018d10 f   MSVCRT:utility_desktop.obj
 0001:00017d18       __scrt_initialize_winrt    0000000180018d18 f   MSVCRT:utility_desktop.obj
 0001:00017d1c       __scrt_is_managed_app      0000000180018d1c f   MSVCRT:utility_desktop.obj
 0001:00017d70       __scrt_set_unhandled_exception_filter 0000000180018d70 f   MSVCRT:utility_desktop.obj
 0001:00017d80       __scrt_exe_initialize_mta  0000000180018d80 f   MSVCRT:utility_desktop.obj
 0001:00017d80       __scrt_stub_for_initialize_mta 0000000180018d80 f   MSVCRT:utility_desktop.obj
 0001:00017d84       __scrt_unhandled_exception_filter 0000000180018d84 f   MSVCRT:utility_desktop.obj
 0001:00017de0       _RTC_Initialize            0000000180018de0 f   MSVCRT:initsect.obj
 0001:00017e1c       _RTC_Terminate             0000000180018e1c f   MSVCRT:initsect.obj
 0001:00017e58       _guard_check_icall_nop     0000000180018e58 f i MSVCRT:guard_support.obj
 0001:00017e5c       ReadNoFence64              0000000180018e5c f i MSVCRT:guard_support.obj
 0001:00017e60       ReadPointerNoFence         0000000180018e60 f i MSVCRT:guard_support.obj
 0001:00017e64       _guard_icall_checks_enforced 0000000180018e64 f i MSVCRT:guard_support.obj
 0001:00017e7c       _guard_rf_checks_enforced  0000000180018e7c f i MSVCRT:guard_support.obj
 0001:00017e80       __isa_available_init       0000000180018e80 f   MSVCRT:cpu_disp.obj
 0001:00018024       _get_startup_argv_mode     0000000180019024 f   MSVCRT:argv_mode.obj
 0001:0001802c       __scrt_is_ucrt_dll_in_use  000000018001902c f   MSVCRT:ucrt_detection.obj
 0001:00018040       RtlCaptureContext          0000000180019040 f   kernel32:KERNEL32.dll
 0001:00018046       RtlLookupFunctionEntry     0000000180019046 f   kernel32:KERNEL32.dll
 0001:0001804c       RtlVirtualUnwind           000000018001904c f   kernel32:KERNEL32.dll
 0001:00018052       UnhandledExceptionFilter   0000000180019052 f   kernel32:KERNEL32.dll
 0001:00018058       SetUnhandledExceptionFilter 0000000180019058 f   kernel32:KERNEL32.dll
 0001:0001805e       GetCurrentProcess          000000018001905e f   kernel32:KERNEL32.dll
 0001:00018064       TerminateProcess           0000000180019064 f   kernel32:KERNEL32.dll
 0001:0001806a       IsProcessorFeaturePresent  000000018001906a f   kernel32:KERNEL32.dll
 0001:00018070       QueryPerformanceCounter    0000000180019070 f   kernel32:KERNEL32.dll
 0001:00018076       GetCurrentProcessId        0000000180019076 f   kernel32:KERNEL32.dll
 0001:0001807c       GetCurrentThreadId         000000018001907c f   kernel32:KERNEL32.dll
 0001:00018082       GetSystemTimeAsFileTime    0000000180019082 f   kernel32:KERNEL32.dll
 0001:00018088       DisableThreadLibraryCalls  0000000180019088 f   kernel32:KERNEL32.dll
 0001:0001808e       InitializeSListHead        000000018001908e f   kernel32:KERNEL32.dll
 0001:00018094       IsDebuggerPresent          0000000180019094 f   kernel32:KERNEL32.dll
 0001:0001809a       GetStartupInfoW            000000018001909a f   kernel32:KERNEL32.dll
 0001:000180a0       GetModuleHandleW           00000001800190a0 f   kernel32:KERNEL32.dll
 0001:000180a6       memcpy                     00000001800190a6 f   vcruntime:VCRUNTIME140.dll
 0001:000180ac       memset                     00000001800190ac f   vcruntime:VCRUNTIME140.dll
 0001:000180b2       __C_specific_handler       00000001800190b2 f   vcruntime:VCRUNTIME140.dll
 0001:000180b8       __std_type_info_destroy_list 00000001800190b8 f   vcruntime:VCRUNTIME140.dll
 0001:000180be       __current_exception        00000001800190be f   vcruntime:VCRUNTIME140.dll
 0001:000180c4       __current_exception_context 00000001800190c4 f   vcruntime:VCRUNTIME140.dll
 0001:000180ca       strcmp                     00000001800190ca f   ucrt:api-ms-win-crt-string-l1-1-0.dll
 0001:000180d0       __stdio_common_vsprintf    00000001800190d0 f   ucrt:api-ms-win-crt-stdio-l1-1-0.dll
 0001:000180d6       free                       00000001800190d6 f   ucrt:api-ms-win-crt-heap-l1-1-0.dll
 0001:000180dc       malloc                     00000001800190dc f   ucrt:api-ms-win-crt-heap-l1-1-0.dll
 0001:000180e2       strlen                     00000001800190e2 f   ucrt:api-ms-win-crt-string-l1-1-0.dll
 0001:000180e8       strcat                     00000001800190e8 f   ucrt:api-ms-win-crt-string-l1-1-0.dll
 0001:000180ee       _initterm                  00000001800190ee f   ucrt:api-ms-win-crt-runtime-l1-1-0.dll
 0001:000180f4       _initterm_e                00000001800190f4 f   ucrt:api-ms-win-crt-runtime-l1-1-0.dll
 0001:000180fa       _seh_filter_dll            00000001800190fa f   ucrt:api-ms-win-crt-runtime-l1-1-0.dll
 0001:00018100       _configure_narrow_argv     0000000180019100 f   ucrt:api-ms-win-crt-runtime-l1-1-0.dll
 0001:00018106       _initialize_narrow_environment 0000000180019106 f   ucrt:api-ms-win-crt-runtime-l1-1-0.dll
 0001:0001810c       _initialize_onexit_table   000000018001910c f   ucrt:api-ms-win-crt-runtime-l1-1-0.dll
 0001:00018112       _register_onexit_function  0000000180019112 f   ucrt:api-ms-win-crt-runtime-l1-1-0.dll
 0001:00018118       _execute_onexit_table      0000000180019118 f   ucrt:api-ms-win-crt-runtime-l1-1-0.dll
 0001:0001811e       _crt_atexit                000000018001911e f   ucrt:api-ms-win-crt-runtime-l1-1-0.dll
 0001:00018124       _crt_at_quick_exit         0000000180019124 f   ucrt:api-ms-win-crt-runtime-l1-1-0.dll
 0001:0001812a       _cexit                     000000018001912a f   ucrt:api-ms-win-crt-runtime-l1-1-0.dll
 0001:00018130       terminate                  0000000180019130 f   ucrt:api-ms-win-crt-runtime-l1-1-0.dll
 0001:00018136       setStation_Address_G1WZrK4kHQSfLP1BLKd6ID 0000000180019136 f   G1WZrK4kHQSfLP1BLKd6ID_cclib:G1WZrK4kHQSfLP1BLKd6ID_cclib.dll
 0001:0001813c       setSlave_Version_G1WZrK4kHQSfLP1BLKd6ID 000000018001913c f   G1WZrK4kHQSfLP1BLKd6ID_cclib:G1WZrK4kHQSfLP1BLKd6ID_cclib.dll
 0001:00018142       setMaster_Version_G1WZrK4kHQSfLP1BLKd6ID 0000000180019142 f   G1WZrK4kHQSfLP1BLKd6ID_cclib:G1WZrK4kHQSfLP1BLKd6ID_cclib.dll
 0001:00018148       setS_Status_G1WZrK4kHQSfLP1BLKd6ID 0000000180019148 f   G1WZrK4kHQSfLP1BLKd6ID_cclib:G1WZrK4kHQSfLP1BLKd6ID_cclib.dll
 0001:0001814e       setData_G1WZrK4kHQSfLP1BLKd6ID 000000018001914e f   G1WZrK4kHQSfLP1BLKd6ID_cclib:G1WZrK4kHQSfLP1BLKd6ID_cclib.dll
 0001:00018154       setHandled_G1WZrK4kHQSfLP1BLKd6ID 0000000180019154 f   G1WZrK4kHQSfLP1BLKd6ID_cclib:G1WZrK4kHQSfLP1BLKd6ID_cclib.dll
 0001:0001815a       setCurrent_State_G1WZrK4kHQSfLP1BLKd6ID 000000018001915a f   G1WZrK4kHQSfLP1BLKd6ID_cclib:G1WZrK4kHQSfLP1BLKd6ID_cclib.dll
 0001:00018160       getStation_Address_G1WZrK4kHQSfLP1BLKd6ID 0000000180019160 f   G1WZrK4kHQSfLP1BLKd6ID_cclib:G1WZrK4kHQSfLP1BLKd6ID_cclib.dll
 0001:00018166       getSlave_Version_G1WZrK4kHQSfLP1BLKd6ID 0000000180019166 f   G1WZrK4kHQSfLP1BLKd6ID_cclib:G1WZrK4kHQSfLP1BLKd6ID_cclib.dll
 0001:0001816c       getS_Status_G1WZrK4kHQSfLP1BLKd6ID 000000018001916c f   G1WZrK4kHQSfLP1BLKd6ID_cclib:G1WZrK4kHQSfLP1BLKd6ID_cclib.dll
 0001:00018172       getMTAPtr_G1WZrK4kHQSfLP1BLKd6ID 0000000180019172 f   G1WZrK4kHQSfLP1BLKd6ID_cclib:G1WZrK4kHQSfLP1BLKd6ID_cclib.dll
 0001:00018178       getDataPtr_G1WZrK4kHQSfLP1BLKd6ID 0000000180019178 f   G1WZrK4kHQSfLP1BLKd6ID_cclib:G1WZrK4kHQSfLP1BLKd6ID_cclib.dll
 0001:0001817e       c_read_uint8s_G1WZrK4kHQSfLP1BLKd6ID 000000018001917e f   G1WZrK4kHQSfLP1BLKd6ID_cclib:G1WZrK4kHQSfLP1BLKd6ID_cclib.dll
 0001:00018184       c_write_uint8s_G1WZrK4kHQSfLP1BLKd6ID 0000000180019184 f   G1WZrK4kHQSfLP1BLKd6ID_cclib:G1WZrK4kHQSfLP1BLKd6ID_cclib.dll
 0001:0001818a       c_init_daq_list_G1WZrK4kHQSfLP1BLKd6ID 000000018001918a f   G1WZrK4kHQSfLP1BLKd6ID_cclib:G1WZrK4kHQSfLP1BLKd6ID_cclib.dll
 0001:00018190       c_set_element_pointer_G1WZrK4kHQSfLP1BLKd6ID 0000000180019190 f   G1WZrK4kHQSfLP1BLKd6ID_cclib:G1WZrK4kHQSfLP1BLKd6ID_cclib.dll
 0001:00018196       c_write_daq_G1WZrK4kHQSfLP1BLKd6ID 0000000180019196 f   G1WZrK4kHQSfLP1BLKd6ID_cclib:G1WZrK4kHQSfLP1BLKd6ID_cclib.dll
 0001:0001819c       c_start_stop_G1WZrK4kHQSfLP1BLKd6ID 000000018001919c f   G1WZrK4kHQSfLP1BLKd6ID_cclib:G1WZrK4kHQSfLP1BLKd6ID_cclib.dll
 0001:000181a2       c_start_stop_all_G1WZrK4kHQSfLP1BLKd6ID 00000001800191a2 f   G1WZrK4kHQSfLP1BLKd6ID_cclib:G1WZrK4kHQSfLP1BLKd6ID_cclib.dll
 0001:000181a8       c_reset_all_DAQ_lists_G1WZrK4kHQSfLP1BLKd6ID 00000001800191a8 f   G1WZrK4kHQSfLP1BLKd6ID_cclib:G1WZrK4kHQSfLP1BLKd6ID_cclib.dll
 0001:000181b0       __scrt_stub_for_acrt_initialize 00000001800191b0 f   MSVCRT:ucrt_stubs.obj
 0001:000181b0       __vcrt_initialize          00000001800191b0 f   MSVCRT:ucrt_stubs.obj
 0001:000181b0       __acrt_initialize          00000001800191b0 f   MSVCRT:ucrt_stubs.obj
 0001:000181b4       __vcrt_thread_attach       00000001800191b4 f   MSVCRT:ucrt_stubs.obj
 0001:000181b4       __scrt_stub_for_acrt_thread_attach 00000001800191b4 f   MSVCRT:ucrt_stubs.obj
 0001:000181b4       __acrt_thread_attach       00000001800191b4 f   MSVCRT:ucrt_stubs.obj
 0001:000181b8       __scrt_stub_for_acrt_thread_detach 00000001800191b8 f   MSVCRT:ucrt_stubs.obj
 0001:000181b8       __vcrt_thread_detach       00000001800191b8 f   MSVCRT:ucrt_stubs.obj
 0001:000181b8       __acrt_thread_detach       00000001800191b8 f   MSVCRT:ucrt_stubs.obj
 0001:000181bc       __scrt_stub_for_acrt_uninitialize 00000001800191bc f   MSVCRT:ucrt_stubs.obj
 0001:000181bc       __acrt_uninitialize        00000001800191bc f   MSVCRT:ucrt_stubs.obj
 0001:000181bc       __vcrt_uninitialize        00000001800191bc f   MSVCRT:ucrt_stubs.obj
 0001:000181c0       __scrt_stub_for_acrt_uninitialize_critical 00000001800191c0 f   MSVCRT:ucrt_stubs.obj
 0001:000181c0       __acrt_uninitialize_critical 00000001800191c0 f   MSVCRT:ucrt_stubs.obj
 0001:000181c0       __vcrt_uninitialize_critical 00000001800191c0 f   MSVCRT:ucrt_stubs.obj
 0001:000181c4       __scrt_stub_for_is_c_termination_complete 00000001800191c4 f   MSVCRT:ucrt_stubs.obj
 0001:000181c4       _is_c_termination_complete 00000001800191c4 f   MSVCRT:ucrt_stubs.obj
 0001:000181e0       _guard_dispatch_icall_nop  00000001800191e0 f   MSVCRT:guard_dispatch.obj
 0001:00018200       _guard_xfg_dispatch_icall_nop 0000000180019200 f   MSVCRT:guard_xfg_dispatch.obj
 0002:00000000       __imp_getMTAPtr_G1WZrK4kHQSfLP1BLKd6ID 000000018001a000     G1WZrK4kHQSfLP1BLKd6ID_cclib:G1WZrK4kHQSfLP1BLKd6ID_cclib.dll
 0002:00000008       __imp_c_reset_all_DAQ_lists_G1WZrK4kHQSfLP1BLKd6ID 000000018001a008     G1WZrK4kHQSfLP1BLKd6ID_cclib:G1WZrK4kHQSfLP1BLKd6ID_cclib.dll
 0002:00000010       __imp_c_start_stop_all_G1WZrK4kHQSfLP1BLKd6ID 000000018001a010     G1WZrK4kHQSfLP1BLKd6ID_cclib:G1WZrK4kHQSfLP1BLKd6ID_cclib.dll
 0002:00000018       __imp_c_start_stop_G1WZrK4kHQSfLP1BLKd6ID 000000018001a018     G1WZrK4kHQSfLP1BLKd6ID_cclib:G1WZrK4kHQSfLP1BLKd6ID_cclib.dll
 0002:00000020       __imp_c_write_daq_G1WZrK4kHQSfLP1BLKd6ID 000000018001a020     G1WZrK4kHQSfLP1BLKd6ID_cclib:G1WZrK4kHQSfLP1BLKd6ID_cclib.dll
 0002:00000028       __imp_c_set_element_pointer_G1WZrK4kHQSfLP1BLKd6ID 000000018001a028     G1WZrK4kHQSfLP1BLKd6ID_cclib:G1WZrK4kHQSfLP1BLKd6ID_cclib.dll
 0002:00000030       __imp_c_init_daq_list_G1WZrK4kHQSfLP1BLKd6ID 000000018001a030     G1WZrK4kHQSfLP1BLKd6ID_cclib:G1WZrK4kHQSfLP1BLKd6ID_cclib.dll
 0002:00000038       __imp_c_write_uint8s_G1WZrK4kHQSfLP1BLKd6ID 000000018001a038     G1WZrK4kHQSfLP1BLKd6ID_cclib:G1WZrK4kHQSfLP1BLKd6ID_cclib.dll
 0002:00000040       __imp_c_read_uint8s_G1WZrK4kHQSfLP1BLKd6ID 000000018001a040     G1WZrK4kHQSfLP1BLKd6ID_cclib:G1WZrK4kHQSfLP1BLKd6ID_cclib.dll
 0002:00000048       __imp_getDataPtr_G1WZrK4kHQSfLP1BLKd6ID 000000018001a048     G1WZrK4kHQSfLP1BLKd6ID_cclib:G1WZrK4kHQSfLP1BLKd6ID_cclib.dll
 0002:00000050       __imp_setStation_Address_G1WZrK4kHQSfLP1BLKd6ID 000000018001a050     G1WZrK4kHQSfLP1BLKd6ID_cclib:G1WZrK4kHQSfLP1BLKd6ID_cclib.dll
 0002:00000058       __imp_getS_Status_G1WZrK4kHQSfLP1BLKd6ID 000000018001a058     G1WZrK4kHQSfLP1BLKd6ID_cclib:G1WZrK4kHQSfLP1BLKd6ID_cclib.dll
 0002:00000060       __imp_getSlave_Version_G1WZrK4kHQSfLP1BLKd6ID 000000018001a060     G1WZrK4kHQSfLP1BLKd6ID_cclib:G1WZrK4kHQSfLP1BLKd6ID_cclib.dll
 0002:00000068       __imp_getStation_Address_G1WZrK4kHQSfLP1BLKd6ID 000000018001a068     G1WZrK4kHQSfLP1BLKd6ID_cclib:G1WZrK4kHQSfLP1BLKd6ID_cclib.dll
 0002:00000070       __imp_setCurrent_State_G1WZrK4kHQSfLP1BLKd6ID 000000018001a070     G1WZrK4kHQSfLP1BLKd6ID_cclib:G1WZrK4kHQSfLP1BLKd6ID_cclib.dll
 0002:00000078       __imp_setHandled_G1WZrK4kHQSfLP1BLKd6ID 000000018001a078     G1WZrK4kHQSfLP1BLKd6ID_cclib:G1WZrK4kHQSfLP1BLKd6ID_cclib.dll
 0002:00000080       __imp_setData_G1WZrK4kHQSfLP1BLKd6ID 000000018001a080     G1WZrK4kHQSfLP1BLKd6ID_cclib:G1WZrK4kHQSfLP1BLKd6ID_cclib.dll
 0002:00000088       __imp_setS_Status_G1WZrK4kHQSfLP1BLKd6ID 000000018001a088     G1WZrK4kHQSfLP1BLKd6ID_cclib:G1WZrK4kHQSfLP1BLKd6ID_cclib.dll
 0002:00000090       __imp_setMaster_Version_G1WZrK4kHQSfLP1BLKd6ID 000000018001a090     G1WZrK4kHQSfLP1BLKd6ID_cclib:G1WZrK4kHQSfLP1BLKd6ID_cclib.dll
 0002:00000098       __imp_setSlave_Version_G1WZrK4kHQSfLP1BLKd6ID 000000018001a098     G1WZrK4kHQSfLP1BLKd6ID_cclib:G1WZrK4kHQSfLP1BLKd6ID_cclib.dll
 0002:000000a0       \177G1WZrK4kHQSfLP1BLKd6ID_cclib_NULL_THUNK_DATA 000000018001a0a0     G1WZrK4kHQSfLP1BLKd6ID_cclib:G1WZrK4kHQSfLP1BLKd6ID_cclib.dll
 0002:000000a8       __imp_RtlLookupFunctionEntry 000000018001a0a8     kernel32:KERNEL32.dll
 0002:000000b0       __imp_RtlVirtualUnwind     000000018001a0b0     kernel32:KERNEL32.dll
 0002:000000b8       __imp_UnhandledExceptionFilter 000000018001a0b8     kernel32:KERNEL32.dll
 0002:000000c0       __imp_SetUnhandledExceptionFilter 000000018001a0c0     kernel32:KERNEL32.dll
 0002:000000c8       __imp_GetCurrentProcess    000000018001a0c8     kernel32:KERNEL32.dll
 0002:000000d0       __imp_TerminateProcess     000000018001a0d0     kernel32:KERNEL32.dll
 0002:000000d8       __imp_IsProcessorFeaturePresent 000000018001a0d8     kernel32:KERNEL32.dll
 0002:000000e0       __imp_QueryPerformanceCounter 000000018001a0e0     kernel32:KERNEL32.dll
 0002:000000e8       __imp_GetCurrentProcessId  000000018001a0e8     kernel32:KERNEL32.dll
 0002:000000f0       __imp_GetCurrentThreadId   000000018001a0f0     kernel32:KERNEL32.dll
 0002:000000f8       __imp_GetSystemTimeAsFileTime 000000018001a0f8     kernel32:KERNEL32.dll
 0002:00000100       __imp_DisableThreadLibraryCalls 000000018001a100     kernel32:KERNEL32.dll
 0002:00000108       __imp_InitializeSListHead  000000018001a108     kernel32:KERNEL32.dll
 0002:00000110       __imp_RtlCaptureContext    000000018001a110     kernel32:KERNEL32.dll
 0002:00000118       __imp_IsDebuggerPresent    000000018001a118     kernel32:KERNEL32.dll
 0002:00000120       __imp_GetStartupInfoW      000000018001a120     kernel32:KERNEL32.dll
 0002:00000128       __imp_GetModuleHandleW     000000018001a128     kernel32:KERNEL32.dll
 0002:00000130       \177KERNEL32_NULL_THUNK_DATA 000000018001a130     kernel32:KERNEL32.dll
 0002:00000138       __imp_memcpy               000000018001a138     vcruntime:VCRUNTIME140.dll
 0002:00000140       __imp_memset               000000018001a140     vcruntime:VCRUNTIME140.dll
 0002:00000148       __imp___C_specific_handler 000000018001a148     vcruntime:VCRUNTIME140.dll
 0002:00000150       __imp___std_type_info_destroy_list 000000018001a150     vcruntime:VCRUNTIME140.dll
 0002:00000158       __imp___current_exception  000000018001a158     vcruntime:VCRUNTIME140.dll
 0002:00000160       __imp___current_exception_context 000000018001a160     vcruntime:VCRUNTIME140.dll
 0002:00000168       \177VCRUNTIME140_NULL_THUNK_DATA 000000018001a168     vcruntime:VCRUNTIME140.dll
 0002:00000170       __imp_free                 000000018001a170     ucrt:api-ms-win-crt-heap-l1-1-0.dll
 0002:00000178       __imp_malloc               000000018001a178     ucrt:api-ms-win-crt-heap-l1-1-0.dll
 0002:00000180       \177api-ms-win-crt-heap-l1-1-0_NULL_THUNK_DATA 000000018001a180     ucrt:api-ms-win-crt-heap-l1-1-0.dll
 0002:00000188       __imp__initterm_e          000000018001a188     ucrt:api-ms-win-crt-runtime-l1-1-0.dll
 0002:00000190       __imp_terminate            000000018001a190     ucrt:api-ms-win-crt-runtime-l1-1-0.dll
 0002:00000198       __imp__cexit               000000018001a198     ucrt:api-ms-win-crt-runtime-l1-1-0.dll
 0002:000001a0       __imp__initterm            000000018001a1a0     ucrt:api-ms-win-crt-runtime-l1-1-0.dll
 0002:000001a8       __imp__seh_filter_dll      000000018001a1a8     ucrt:api-ms-win-crt-runtime-l1-1-0.dll
 0002:000001b0       __imp__configure_narrow_argv 000000018001a1b0     ucrt:api-ms-win-crt-runtime-l1-1-0.dll
 0002:000001b8       __imp__initialize_narrow_environment 000000018001a1b8     ucrt:api-ms-win-crt-runtime-l1-1-0.dll
 0002:000001c0       __imp__initialize_onexit_table 000000018001a1c0     ucrt:api-ms-win-crt-runtime-l1-1-0.dll
 0002:000001c8       __imp__register_onexit_function 000000018001a1c8     ucrt:api-ms-win-crt-runtime-l1-1-0.dll
 0002:000001d0       __imp__execute_onexit_table 000000018001a1d0     ucrt:api-ms-win-crt-runtime-l1-1-0.dll
 0002:000001d8       __imp__crt_atexit          000000018001a1d8     ucrt:api-ms-win-crt-runtime-l1-1-0.dll
 0002:000001e0       __imp__crt_at_quick_exit   000000018001a1e0     ucrt:api-ms-win-crt-runtime-l1-1-0.dll
 0002:000001e8       \177api-ms-win-crt-runtime-l1-1-0_NULL_THUNK_DATA 000000018001a1e8     ucrt:api-ms-win-crt-runtime-l1-1-0.dll
 0002:000001f0       __imp___stdio_common_vsprintf 000000018001a1f0     ucrt:api-ms-win-crt-stdio-l1-1-0.dll
 0002:000001f8       \177api-ms-win-crt-stdio-l1-1-0_NULL_THUNK_DATA 000000018001a1f8     ucrt:api-ms-win-crt-stdio-l1-1-0.dll
 0002:00000200       __imp_strlen               000000018001a200     ucrt:api-ms-win-crt-string-l1-1-0.dll
 0002:00000208       __imp_strcmp               000000018001a208     ucrt:api-ms-win-crt-string-l1-1-0.dll
 0002:00000210       __imp_strcat               000000018001a210     ucrt:api-ms-win-crt-string-l1-1-0.dll
 0002:00000218       \177api-ms-win-crt-string-l1-1-0_NULL_THUNK_DATA 000000018001a218     ucrt:api-ms-win-crt-string-l1-1-0.dll
 0002:00000220       __imp_covrtSigUpdateFcn    000000018001a220     libcovrt:libcovrt.dll
 0002:00000228       __imp_covrtCondUpdateFcn   000000018001a228     libcovrt:libcovrt.dll
 0002:00000230       __imp_covrtTransitionDecUpdateFcn 000000018001a230     libcovrt:libcovrt.dll
 0002:00000238       __imp_covrtDecUpdateFcn    000000018001a238     libcovrt:libcovrt.dll
 0002:00000240       __imp_covrtRelationalopUpdateFcn 000000018001a240     libcovrt:libcovrt.dll
 0002:00000248       __imp_covrtChartInitFcn    000000018001a248     libcovrt:libcovrt.dll
 0002:00000250       __imp_covrtCreateStateflowInstanceData 000000018001a250     libcovrt:libcovrt.dll
 0002:00000258       __imp_covrtDeleteStateflowInstanceData 000000018001a258     libcovrt:libcovrt.dll
 0002:00000260       __imp_covrtRelationalopInitFcn 000000018001a260     libcovrt:libcovrt.dll
 0002:00000268       __imp_covrtTransInitFcn    000000018001a268     libcovrt:libcovrt.dll
 0002:00000270       __imp_covrtStateInitFcn    000000018001a270     libcovrt:libcovrt.dll
 0002:00000278       \177libcovrt_NULL_THUNK_DATA 000000018001a278     libcovrt:libcovrt.dll
 0002:00000280       __imp_mexWarnMsgTxt_800    000000018001a280     libmex:libmex.dll
 0002:00000288       __imp_mexCallMATLAB_800    000000018001a288     libmex:libmex.dll
 0002:00000290       __imp_mexLock_800          000000018001a290     libmex:libmex.dll
 0002:00000298       __imp_mexUnlock_800        000000018001a298     libmex:libmex.dll
 0002:000002a0       __imp_mexErrMsgTxt_800     000000018001a2a0     libmex:libmex.dll
 0002:000002a8       __imp_mexIsLocked_800      000000018001a2a8     libmex:libmex.dll
 0002:000002b0       __imp_mexMakeArrayPersistent_800 000000018001a2b0     libmex:libmex.dll
 0002:000002b8       \177libmex_NULL_THUNK_DATA 000000018001a2b8     libmex:libmex.dll
 0002:000002c0       __imp_slcovUploadCoverageSynthesisBySimstruct 000000018001a2c0     libmwsl_sfcn_cov_bridge:libmwsl_sfcn_cov_bridge.dll
 0002:000002c8       \177libmwsl_sfcn_cov_bridge_NULL_THUNK_DATA 000000018001a2c8     libmwsl_sfcn_cov_bridge:libmwsl_sfcn_cov_bridge.dll
 0002:000002d0       __imp_mxGetScalar_800      000000018001a2d0     libmx:libmx.dll
 0002:000002d8       __imp_mxGetPr_800          000000018001a2d8     libmx:libmx.dll
 0002:000002e0       __imp_mxDestroyArray_800   000000018001a2e0     libmx:libmx.dll
 0002:000002e8       __imp_mxCreateDoubleMatrix_800 000000018001a2e8     libmx:libmx.dll
 0002:000002f0       __imp_mxCreateStructMatrix_800 000000018001a2f0     libmx:libmx.dll
 0002:000002f8       __imp_mxCreateCellMatrix_800 000000018001a2f8     libmx:libmx.dll
 0002:00000300       __imp_mxSetField_800       000000018001a300     libmx:libmx.dll
 0002:00000308       __imp_mxDuplicateArray_800 000000018001a308     libmx:libmx.dll
 0002:00000310       __imp_mxCreateString_800   000000018001a310     libmx:libmx.dll
 0002:00000318       __imp_mxCreateDoubleScalar_800 000000018001a318     libmx:libmx.dll
 0002:00000320       __imp_mxGetN_800           000000018001a320     libmx:libmx.dll
 0002:00000328       __imp_mxIsComplex_800      000000018001a328     libmx:libmx.dll
 0002:00000330       __imp_mxIsNumeric_800      000000018001a330     libmx:libmx.dll
 0002:00000338       __imp_mxGetClassID_800     000000018001a338     libmx:libmx.dll
 0002:00000340       __imp_mxGetM_800           000000018001a340     libmx:libmx.dll
 0002:00000348       __imp_mxCalloc_800         000000018001a348     libmx:libmx.dll
 0002:00000350       __imp_mxGetString_800      000000018001a350     libmx:libmx.dll
 0002:00000358       __imp_mxIsChar_800         000000018001a358     libmx:libmx.dll
 0002:00000360       \177libmx_NULL_THUNK_DATA  000000018001a360     libmx:libmx.dll
 0002:00000368       __imp_utFree               000000018001a368     libut:libut.dll
 0002:00000370       __imp_utMalloc             000000018001a370     libut:libut.dll
 0002:00000378       \177libut_NULL_THUNK_DATA  000000018001a378     libut:libut.dll
 0002:00000380       __imp_sf_get_ChartInfoStruct_CodeGen 000000018001a380     sf_runtime:sf_runtime.dll
 0002:00000388       __imp_sf_data_overflow_error 000000018001a388     sf_runtime:sf_runtime.dll
 0002:00000390       __imp_ssGetInputPortSignal_wrapper 000000018001a390     sf_runtime:sf_runtime.dll
 0002:00000398       __imp_sf_mex_duplicatearraysafe 000000018001a398     sf_runtime:sf_runtime.dll
 0002:000003a0       __imp_sf_mex_import_named  000000018001a3a0     sf_runtime:sf_runtime.dll
 0002:000003a8       __imp_sf_mex_import        000000018001a3a8     sf_runtime:sf_runtime.dll
 0002:000003b0       __imp_sf_mex_destroy       000000018001a3b0     sf_runtime:sf_runtime.dll
 0002:000003b8       __imp_sf_mex_dup           000000018001a3b8     sf_runtime:sf_runtime.dll
 0002:000003c0       __imp_sf_mex_assign        000000018001a3c0     sf_runtime:sf_runtime.dll
 0002:000003c8       __imp_sf_mex_getcell       000000018001a3c8     sf_runtime:sf_runtime.dll
 0002:000003d0       __imp_sf_mex_setcell       000000018001a3d0     sf_runtime:sf_runtime.dll
 0002:000003d8       __imp_sf_mex_createcellmatrix 000000018001a3d8     sf_runtime:sf_runtime.dll
 0002:000003e0       __imp_sf_mex_create        000000018001a3e0     sf_runtime:sf_runtime.dll
 0002:000003e8       __imp_sf_mex_error_message 000000018001a3e8     sf_runtime:sf_runtime.dll
 0002:000003f0       __imp_sfListenerLightTerminate 000000018001a3f0     sf_runtime:sf_runtime.dll
 0002:000003f8       __imp_sfListenerCacheSimStruct 000000018001a3f8     sf_runtime:sf_runtime.dll
 0002:00000400       __imp_sf_set_work_widths   000000018001a400     sf_runtime:sf_runtime.dll
 0002:00000408       __imp_sf_warn_if_symbolic_dimension_param_changed 000000018001a408     sf_runtime:sf_runtime.dll
 0002:00000410       __imp_setDebuggerFlag      000000018001a410     sf_runtime:sf_runtime.dll
 0002:00000418       __imp_setLegacyDebuggerFlag 000000018001a418     sf_runtime:sf_runtime.dll
 0002:00000420       __imp_setDataBrowseFcn     000000018001a420     sf_runtime:sf_runtime.dll
 0002:00000428       __imp_sfDoAnimationWrapper 000000018001a428     sf_runtime:sf_runtime.dll
 0002:00000430       __imp_sf_force_animation_for_chart_exec_at_init 000000018001a430     sf_runtime:sf_runtime.dll
 0002:00000438       __imp_sf_get_time          000000018001a438     sf_runtime:sf_runtime.dll
 0002:00000440       __imp_sf_clear_rtw_identifier 000000018001a440     sf_runtime:sf_runtime.dll
 0002:00000448       __imp_sf_mex_get_sfun_param 000000018001a448     sf_runtime:sf_runtime.dll
 0002:00000450       __imp_sim_mode_is_external 000000018001a450     sf_runtime:sf_runtime.dll
 0002:00000458       __imp_sf_get_chart_instance_ptr 000000018001a458     sf_runtime:sf_runtime.dll
 0002:00000460       __imp_sfrtGetCovrtInstance 000000018001a460     sf_runtime:sf_runtime.dll
 0002:00000468       __imp_sfrtGetEmlrtCtx      000000018001a468     sf_runtime:sf_runtime.dll
 0002:00000470       __imp_sf_free_ChartRunTimeInfo 000000018001a470     sf_runtime:sf_runtime.dll
 0002:00000478       __imp_sf_init_ChartRunTimeInfo 000000018001a478     sf_runtime:sf_runtime.dll
 0002:00000480       __imp_sf_mex_decode        000000018001a480     sf_runtime:sf_runtime.dll
 0002:00000488       __imp_sf_clear_error_manager_info 000000018001a488     sf_runtime:sf_runtime.dll
 0002:00000490       __imp_sf_mex_error_direct_call 000000018001a490     sf_runtime:sf_runtime.dll
 0002:00000498       __imp_getRuntimeInstanceInfoAsVoid 000000018001a498     sf_runtime:sf_runtime.dll
 0002:000004a0       __imp_call_sf_machine_global_method_dispatcher 000000018001a4a0     sf_runtime:sf_runtime.dll
 0002:000004a8       __imp_sim_mode_is_rtw_gen  000000018001a4a8     sf_runtime:sf_runtime.dll
 0002:000004b0       __imp_callMdlMethodAndReportError 000000018001a4b0     sf_runtime:sf_runtime.dll
 0002:000004b8       __imp_sf_get_hasSeparateUpdateOutputs 000000018001a4b8     sf_runtime:sf_runtime.dll
 0002:000004c0       __imp_sf_load_rtw_optimization_info 000000018001a4c0     sf_runtime:sf_runtime.dll
 0002:000004c8       \177sf_runtime_NULL_THUNK_DATA 000000018001a4c8     sf_runtime:sf_runtime.dll
 0002:000004d0       __guard_check_icall_fptr   000000018001a4d0     MSVCRT:guard_support.obj
 0002:000004d8       __guard_xfg_check_icall_fptr 000000018001a4d8     MSVCRT:guard_support.obj
 0002:000004e0       __guard_dispatch_icall_fptr 000000018001a4e0     MSVCRT:guard_support.obj
 0002:000004e8       __guard_xfg_dispatch_icall_fptr 000000018001a4e8     MSVCRT:guard_support.obj
 0002:000004f0       __guard_xfg_table_dispatch_icall_fptr 000000018001a4f0     MSVCRT:guard_support.obj
 0002:000004f8       __xc_a                     000000018001a4f8     MSVCRT:initializers.obj
 0002:00000500       __xc_z                     000000018001a500     MSVCRT:initializers.obj
 0002:00000508       __xi_a                     000000018001a508     MSVCRT:initializers.obj
 0002:00000510       __xi_z                     000000018001a510     MSVCRT:initializers.obj
 0002:00000518       __xp_a                     000000018001a518     MSVCRT:initializers.obj
 0002:00000520       __xp_z                     000000018001a520     MSVCRT:initializers.obj
 0002:00000528       __xt_a                     000000018001a528     MSVCRT:initializers.obj
 0002:00000530       __xt_z                     000000018001a530     MSVCRT:initializers.obj
 0002:00000540       __real@41a53b73e0000000    000000018001a540     TEST_IPM_2_0_sfun.obj
 0002:00000548       __real@41b589c7a2000000    000000018001a548     TEST_IPM_2_0_sfun.obj
 0002:00000550       __real@41c9b0135c800000    000000018001a550     TEST_IPM_2_0_sfun.obj
 0002:00000558       __real@41cc519088800000    000000018001a558     TEST_IPM_2_0_sfun.obj
 0002:00000560       __real@41cfb58d47000000    000000018001a560     TEST_IPM_2_0_sfun.obj
 0002:00000568       __real@41d40e4f49800000    000000018001a568     TEST_IPM_2_0_sfun.obj
 0002:00000570       __real@41d5ca2801800000    000000018001a570     TEST_IPM_2_0_sfun.obj
 0002:00000578       __real@41e32722ed000000    000000018001a578     TEST_IPM_2_0_sfun.obj
 0002:00000580       __real@41e3327c14600000    000000018001a580     TEST_IPM_2_0_sfun.obj
 0002:00000588       __real@41e464faaa000000    000000018001a588     TEST_IPM_2_0_sfun.obj
 0002:00000590       __real@41e81faec8a00000    000000018001a590     TEST_IPM_2_0_sfun.obj
 0002:00000598       __real@41ea8145ce600000    000000018001a598     TEST_IPM_2_0_sfun.obj
 0002:000005a0       DYNAMIC_DIMENSION_DEF      000000018001a5a0     TEST_IPM_2_0_sfun_registry.obj
 0002:000005b8       __real@0000000000000000    000000018001a5b8     TEST_IPM_2_0_sfun_registry.obj
 0002:000005c0       __real@4010000000000000    000000018001a5c0     TEST_IPM_2_0_sfun_registry.obj
 0002:000005c8       __real@41602cbca0000000    000000018001a5c8     TEST_IPM_2_0_sfun_registry.obj
 0002:000005d0       __real@bff0000000000000    000000018001a5d0     TEST_IPM_2_0_sfun_registry.obj
 0002:000005d8       __real@41db63aee2000000    000000018001a5d8     canblocks_extras_sfun:canblocks_extras_sfun.obj
 0002:000005e0       __real@41dbc8cd1a800000    000000018001a5e0     canblocks_extras_sfun:canblocks_extras_sfun.obj
 0002:000005e8       __real@41e44dc2eca00000    000000018001a5e8     canblocks_extras_sfun:canblocks_extras_sfun.obj
 0002:000005f0       __real@41e87c3bb0600000    000000018001a5f0     canblocks_extras_sfun:canblocks_extras_sfun.obj
 0002:00000aa0       __real@3ff0000000000000    000000018001aaa0     canblocks_extras_sfun:c28_canblocks_extras.obj
 0002:00000aa8       __real@40f0000000000000    000000018001aaa8     canblocks_extras_sfun:c28_canblocks_extras.obj
 0002:00000ab0       __real@41cfd63a73000000    000000018001aab0     canblocks_extras_sfun:c28_canblocks_extras.obj
 0002:00000ab8       __real@41ddb424b7400000    000000018001aab8     canblocks_extras_sfun:c28_canblocks_extras.obj
 0002:00000ac0       __real@41e31bd31cc00000    000000018001aac0     canblocks_extras_sfun:c28_canblocks_extras.obj
 0002:00000ac8       __real@41ede97c9f600000    000000018001aac8     canblocks_extras_sfun:c28_canblocks_extras.obj
 0002:00000ae0       _pDefaultRawDllMain        000000018001aae0     MSVCRT:dll_dllmain.obj
 0002:00000ae0       _pRawDllMain               000000018001aae0     MSVCRT:dll_dllmain.obj
 0002:00000af0       __xmm@ffffffffffffffffffffffffffffffff 000000018001aaf0     MSVCRT:utility.obj
 0002:00000b20       _load_config_used          000000018001ab20     MSVCRT:loadcfg.obj
 0002:00000e68       __rtc_iaa                  000000018001ae68     MSVCRT:initsect.obj
 0002:00000e70       __rtc_izz                  000000018001ae70     MSVCRT:initsect.obj
 0002:00000e78       __rtc_taa                  000000018001ae78     MSVCRT:initsect.obj
 0002:00000e80       __rtc_tzz                  000000018001ae80     MSVCRT:initsect.obj
 0002:000018dc       __IMPORT_DESCRIPTOR_sf_runtime 000000018001b8dc     sf_runtime:sf_runtime.dll
 0002:000018f0       __IMPORT_DESCRIPTOR_libmx  000000018001b8f0     libmx:libmx.dll
 0002:00001904       __IMPORT_DESCRIPTOR_libmex 000000018001b904     libmex:libmex.dll
 0002:00001918       __IMPORT_DESCRIPTOR_libut  000000018001b918     libut:libut.dll
 0002:0000192c       __IMPORT_DESCRIPTOR_libmwsl_sfcn_cov_bridge 000000018001b92c     libmwsl_sfcn_cov_bridge:libmwsl_sfcn_cov_bridge.dll
 0002:00001940       __IMPORT_DESCRIPTOR_libcovrt 000000018001b940     libcovrt:libcovrt.dll
 0002:00001954       __IMPORT_DESCRIPTOR_KERNEL32 000000018001b954     kernel32:KERNEL32.dll
 0002:00001968       __IMPORT_DESCRIPTOR_VCRUNTIME140 000000018001b968     vcruntime:VCRUNTIME140.dll
 0002:0000197c       __IMPORT_DESCRIPTOR_api-ms-win-crt-string-l1-1-0 000000018001b97c     ucrt:api-ms-win-crt-string-l1-1-0.dll
 0002:00001990       __IMPORT_DESCRIPTOR_api-ms-win-crt-stdio-l1-1-0 000000018001b990     ucrt:api-ms-win-crt-stdio-l1-1-0.dll
 0002:000019a4       __IMPORT_DESCRIPTOR_api-ms-win-crt-heap-l1-1-0 000000018001b9a4     ucrt:api-ms-win-crt-heap-l1-1-0.dll
 0002:000019b8       __IMPORT_DESCRIPTOR_api-ms-win-crt-runtime-l1-1-0 000000018001b9b8     ucrt:api-ms-win-crt-runtime-l1-1-0.dll
 0002:000019cc       __IMPORT_DESCRIPTOR_G1WZrK4kHQSfLP1BLKd6ID_cclib 000000018001b9cc     G1WZrK4kHQSfLP1BLKd6ID_cclib:G1WZrK4kHQSfLP1BLKd6ID_cclib.dll
 0002:000019e0       __NULL_IMPORT_DESCRIPTOR   000000018001b9e0     sf_runtime:sf_runtime.dll
 0003:000000e0       DYNAMIC_DIMENSION          000000018001d0e0     TEST_IPM_2_0_sfun_registry.obj
 0003:000033b0       __security_cookie_complement 00000001800203b0     MSVCRT:gs_cookie.obj
 0003:000033b8       __security_cookie          00000001800203b8     MSVCRT:gs_cookie.obj
 0003:000033c0       _fltused                   00000001800203c0     MSVCRT:fltused.obj
 0003:000033c4       __scrt_native_dllmain_reason 00000001800203c4     MSVCRT:utility.obj
 0003:000033c8       __isa_available            00000001800203c8     MSVCRT:cpu_disp.obj
 0003:000033cc       __isa_enabled              00000001800203cc     MSVCRT:cpu_disp.obj
 0003:000033d0       __memcpy_nt_iters          00000001800203d0     MSVCRT:cpu_disp.obj
 0003:000033d8       __memset_nt_iters          00000001800203d8     MSVCRT:cpu_disp.obj
 0003:000033e0       __scrt_ucrt_dll_is_in_use  00000001800203e0     MSVCRT:ucrt_stubs.obj
 0003:00004170       ?__type_info_root_node@@3U__type_info_node@@A 0000000180021170     MSVCRT:tncleanup.obj
 0003:00004180       ?_OptionsStorage@?1??__local_stdio_printf_options@@9@4_KA 0000000180021180     MSVCRT:default_local_stdio_options.obj
 0003:00004188       ?_OptionsStorage@?1??__local_stdio_scanf_options@@9@4_KA 0000000180021188     MSVCRT:default_local_stdio_options.obj
 0003:00004190       __scrt_current_native_startup_state 0000000180021190     MSVCRT:utility.obj
 0003:00004198       __scrt_native_startup_lock 0000000180021198     MSVCRT:utility.obj
 0003:000041d8       __scrt_debugger_hook_flag  00000001800211d8     MSVCRT:utility_desktop.obj
 0003:000041dc       __favor                    00000001800211dc     MSVCRT:cpu_disp.obj
 0003:000041e0       ?_OptionsStorage@?1??__local_stdio_printf_options@@9@9 00000001800211e0     <common>
 0003:000041e8       __dyn_tls_init_callback    00000001800211e8     <common>

 entry point at        0001:00017578

 Static symbols

 0000:00000000       .debug$S                   0000000180000000     TEST_IPM_2_0_sfun.exp
 0002:fffe6000       __guard_ehcont_?dllmain_dispatch@@YAHQEAUHINSTANCE__@@KQEAX@Z 0000000180000000     MSVCRT:dll_dllmain.obj
 0002:fffe6000       __guard_fids_?dllmain_dispatch@@YAHQEAUHINSTANCE__@@KQEAX@Z 0000000180000000     MSVCRT:dll_dllmain.obj
 0002:fffe6000       __guard_fids__             0000000180000000     MSVCRT:guard_support.obj
 0002:fffe6000       __guard_fids__             0000000180000000     MSVCRT:guard_support.obj
 0002:fffe6000       __guard_fids__guard_icall_checks_enforced 0000000180000000     MSVCRT:guard_support.obj
 0002:fffe6000       __guard_ehcont___scrt_is_nonwritable_in_current_image 0000000180000000     MSVCRT:utility.obj
 0002:fffe6000       __guard_fids___scrt_set_unhandled_exception_filter 0000000180000000     MSVCRT:utility_desktop.obj
 0000:00000000       .debug$S                   0000000180000000     vcruntime:VCRUNTIME140.dll
 0000:00000000       .debug$S                   0000000180000000     vcruntime:VCRUNTIME140.dll
 0000:00000000       .debug$S                   0000000180000000     vcruntime:VCRUNTIME140.dll
 0000:00000000       .debug$S                   0000000180000000     vcruntime:VCRUNTIME140.dll
 0000:00000000       .debug$S                   0000000180000000     vcruntime:VCRUNTIME140.dll
 0000:00000000       .debug$S                   0000000180000000     vcruntime:VCRUNTIME140.dll
 0000:00000000       .debug$S                   0000000180000000     ucrt:api-ms-win-crt-heap-l1-1-0.dll
 0000:00000000       .debug$S                   0000000180000000     ucrt:api-ms-win-crt-heap-l1-1-0.dll
 0000:00000000       .debug$S                   0000000180000000     ucrt:api-ms-win-crt-runtime-l1-1-0.dll
 0000:00000000       .debug$S                   0000000180000000     ucrt:api-ms-win-crt-runtime-l1-1-0.dll
 0000:00000000       .debug$S                   0000000180000000     ucrt:api-ms-win-crt-runtime-l1-1-0.dll
 0000:00000000       .debug$S                   0000000180000000     ucrt:api-ms-win-crt-runtime-l1-1-0.dll
 0000:00000000       .debug$S                   0000000180000000     ucrt:api-ms-win-crt-runtime-l1-1-0.dll
 0000:00000000       .debug$S                   0000000180000000     ucrt:api-ms-win-crt-runtime-l1-1-0.dll
 0000:00000000       .debug$S                   0000000180000000     ucrt:api-ms-win-crt-runtime-l1-1-0.dll
 0000:00000000       .debug$S                   0000000180000000     ucrt:api-ms-win-crt-runtime-l1-1-0.dll
 0000:00000000       .debug$S                   0000000180000000     ucrt:api-ms-win-crt-runtime-l1-1-0.dll
 0000:00000000       .debug$S                   0000000180000000     ucrt:api-ms-win-crt-runtime-l1-1-0.dll
 0000:00000000       .debug$S                   0000000180000000     ucrt:api-ms-win-crt-runtime-l1-1-0.dll
 0000:00000000       .debug$S                   0000000180000000     ucrt:api-ms-win-crt-runtime-l1-1-0.dll
 0000:00000000       .debug$S                   0000000180000000     ucrt:api-ms-win-crt-stdio-l1-1-0.dll
 0000:00000000       .debug$S                   0000000180000000     ucrt:api-ms-win-crt-string-l1-1-0.dll
 0000:00000000       .debug$S                   0000000180000000     ucrt:api-ms-win-crt-string-l1-1-0.dll
 0000:00000000       .debug$S                   0000000180000000     ucrt:api-ms-win-crt-string-l1-1-0.dll
 0000:00000000       .debug$S                   0000000180000000     kernel32:KERNEL32.dll
 0000:00000000       .debug$S                   0000000180000000     kernel32:KERNEL32.dll
 0000:00000000       .debug$S                   0000000180000000     kernel32:KERNEL32.dll
 0000:00000000       .debug$S                   0000000180000000     kernel32:KERNEL32.dll
 0000:00000000       .debug$S                   0000000180000000     kernel32:KERNEL32.dll
 0000:00000000       .debug$S                   0000000180000000     kernel32:KERNEL32.dll
 0000:00000000       .debug$S                   0000000180000000     kernel32:KERNEL32.dll
 0000:00000000       .debug$S                   0000000180000000     kernel32:KERNEL32.dll
 0000:00000000       .debug$S                   0000000180000000     kernel32:KERNEL32.dll
 0000:00000000       .debug$S                   0000000180000000     kernel32:KERNEL32.dll
 0000:00000000       .debug$S                   0000000180000000     kernel32:KERNEL32.dll
 0000:00000000       .debug$S                   0000000180000000     kernel32:KERNEL32.dll
 0000:00000000       .debug$S                   0000000180000000     kernel32:KERNEL32.dll
 0000:00000000       .debug$S                   0000000180000000     kernel32:KERNEL32.dll
 0000:00000000       .debug$S                   0000000180000000     kernel32:KERNEL32.dll
 0000:00000000       .debug$S                   0000000180000000     kernel32:KERNEL32.dll
 0000:00000000       .debug$S                   0000000180000000     kernel32:KERNEL32.dll
 0000:00000000       .debug$S                   0000000180000000     libcovrt:libcovrt.dll
 0000:00000000       .debug$S                   0000000180000000     libcovrt:libcovrt.dll
 0000:00000000       .debug$S                   0000000180000000     libcovrt:libcovrt.dll
 0000:00000000       .debug$S                   0000000180000000     libcovrt:libcovrt.dll
 0000:00000000       .debug$S                   0000000180000000     libcovrt:libcovrt.dll
 0000:00000000       .debug$S                   0000000180000000     libcovrt:libcovrt.dll
 0000:00000000       .debug$S                   0000000180000000     libcovrt:libcovrt.dll
 0000:00000000       .debug$S                   0000000180000000     libcovrt:libcovrt.dll
 0000:00000000       .debug$S                   0000000180000000     libcovrt:libcovrt.dll
 0000:00000000       .debug$S                   0000000180000000     libcovrt:libcovrt.dll
 0000:00000000       .debug$S                   0000000180000000     libcovrt:libcovrt.dll
 0000:00000000       .debug$S                   0000000180000000     libmex:libmex.dll
 0000:00000000       .debug$S                   0000000180000000     libmex:libmex.dll
 0000:00000000       .debug$S                   0000000180000000     libmex:libmex.dll
 0000:00000000       .debug$S                   0000000180000000     libmex:libmex.dll
 0000:00000000       .debug$S                   0000000180000000     libmex:libmex.dll
 0000:00000000       .debug$S                   0000000180000000     libmex:libmex.dll
 0000:00000000       .debug$S                   0000000180000000     libmex:libmex.dll
 0000:00000000       .debug$S                   0000000180000000     libmwsl_sfcn_cov_bridge:libmwsl_sfcn_cov_bridge.dll
 0000:00000000       .debug$S                   0000000180000000     libmx:libmx.dll
 0000:00000000       .debug$S                   0000000180000000     libmx:libmx.dll
 0000:00000000       .debug$S                   0000000180000000     libmx:libmx.dll
 0000:00000000       .debug$S                   0000000180000000     libmx:libmx.dll
 0000:00000000       .debug$S                   0000000180000000     libmx:libmx.dll
 0000:00000000       .debug$S                   0000000180000000     libmx:libmx.dll
 0000:00000000       .debug$S                   0000000180000000     libmx:libmx.dll
 0000:00000000       .debug$S                   0000000180000000     libmx:libmx.dll
 0000:00000000       .debug$S                   0000000180000000     libmx:libmx.dll
 0000:00000000       .debug$S                   0000000180000000     libmx:libmx.dll
 0000:00000000       .debug$S                   0000000180000000     libmx:libmx.dll
 0000:00000000       .debug$S                   0000000180000000     libmx:libmx.dll
 0000:00000000       .debug$S                   0000000180000000     libmx:libmx.dll
 0000:00000000       .debug$S                   0000000180000000     libmx:libmx.dll
 0000:00000000       .debug$S                   0000000180000000     libmx:libmx.dll
 0000:00000000       .debug$S                   0000000180000000     libmx:libmx.dll
 0000:00000000       .debug$S                   0000000180000000     libmx:libmx.dll
 0000:00000000       .debug$S                   0000000180000000     libmx:libmx.dll
 0000:00000000       .debug$S                   0000000180000000     libut:libut.dll
 0000:00000000       .debug$S                   0000000180000000     libut:libut.dll
 0000:00000000       .debug$S                   0000000180000000     sf_runtime:sf_runtime.dll
 0000:00000000       .debug$S                   0000000180000000     sf_runtime:sf_runtime.dll
 0000:00000000       .debug$S                   0000000180000000     sf_runtime:sf_runtime.dll
 0000:00000000       .debug$S                   0000000180000000     sf_runtime:sf_runtime.dll
 0000:00000000       .debug$S                   0000000180000000     sf_runtime:sf_runtime.dll
 0000:00000000       .debug$S                   0000000180000000     sf_runtime:sf_runtime.dll
 0000:00000000       .debug$S                   0000000180000000     sf_runtime:sf_runtime.dll
 0000:00000000       .debug$S                   0000000180000000     sf_runtime:sf_runtime.dll
 0000:00000000       .debug$S                   0000000180000000     sf_runtime:sf_runtime.dll
 0000:00000000       .debug$S                   0000000180000000     sf_runtime:sf_runtime.dll
 0000:00000000       .debug$S                   0000000180000000     sf_runtime:sf_runtime.dll
 0000:00000000       .debug$S                   0000000180000000     sf_runtime:sf_runtime.dll
 0000:00000000       .debug$S                   0000000180000000     sf_runtime:sf_runtime.dll
 0000:00000000       .debug$S                   0000000180000000     sf_runtime:sf_runtime.dll
 0000:00000000       .debug$S                   0000000180000000     sf_runtime:sf_runtime.dll
 0000:00000000       .debug$S                   0000000180000000     sf_runtime:sf_runtime.dll
 0000:00000000       .debug$S                   0000000180000000     sf_runtime:sf_runtime.dll
 0000:00000000       .debug$S                   0000000180000000     sf_runtime:sf_runtime.dll
 0000:00000000       .debug$S                   0000000180000000     sf_runtime:sf_runtime.dll
 0000:00000000       .debug$S                   0000000180000000     sf_runtime:sf_runtime.dll
 0000:00000000       .debug$S                   0000000180000000     sf_runtime:sf_runtime.dll
 0000:00000000       .debug$S                   0000000180000000     sf_runtime:sf_runtime.dll
 0000:00000000       .debug$S                   0000000180000000     sf_runtime:sf_runtime.dll
 0000:00000000       .debug$S                   0000000180000000     sf_runtime:sf_runtime.dll
 0000:00000000       .debug$S                   0000000180000000     sf_runtime:sf_runtime.dll
 0000:00000000       .debug$S                   0000000180000000     sf_runtime:sf_runtime.dll
 0000:00000000       .debug$S                   0000000180000000     sf_runtime:sf_runtime.dll
 0000:00000000       .debug$S                   0000000180000000     sf_runtime:sf_runtime.dll
 0000:00000000       .debug$S                   0000000180000000     sf_runtime:sf_runtime.dll
 0000:00000000       .debug$S                   0000000180000000     sf_runtime:sf_runtime.dll
 0000:00000000       .debug$S                   0000000180000000     sf_runtime:sf_runtime.dll
 0000:00000000       .debug$S                   0000000180000000     sf_runtime:sf_runtime.dll
 0000:00000000       .debug$S                   0000000180000000     sf_runtime:sf_runtime.dll
 0000:00000000       .debug$S                   0000000180000000     sf_runtime:sf_runtime.dll
 0000:00000000       .debug$S                   0000000180000000     sf_runtime:sf_runtime.dll
 0000:00000000       .debug$S                   0000000180000000     sf_runtime:sf_runtime.dll
 0000:00000000       .debug$S                   0000000180000000     sf_runtime:sf_runtime.dll
 0000:00000000       .debug$S                   0000000180000000     sf_runtime:sf_runtime.dll
 0000:00000000       .debug$S                   0000000180000000     sf_runtime:sf_runtime.dll
 0000:00000000       .debug$S                   0000000180000000     sf_runtime:sf_runtime.dll
 0000:00000000       .debug$S                   0000000180000000     sf_runtime:sf_runtime.dll
 0000:00000000       .debug$S                   0000000180000000     G1WZrK4kHQSfLP1BLKd6ID_cclib:G1WZrK4kHQSfLP1BLKd6ID_cclib.dll
 0000:00000000       .debug$S                   0000000180000000     G1WZrK4kHQSfLP1BLKd6ID_cclib:G1WZrK4kHQSfLP1BLKd6ID_cclib.dll
 0000:00000000       .debug$S                   0000000180000000     G1WZrK4kHQSfLP1BLKd6ID_cclib:G1WZrK4kHQSfLP1BLKd6ID_cclib.dll
 0000:00000000       .debug$S                   0000000180000000     G1WZrK4kHQSfLP1BLKd6ID_cclib:G1WZrK4kHQSfLP1BLKd6ID_cclib.dll
 0000:00000000       .debug$S                   0000000180000000     G1WZrK4kHQSfLP1BLKd6ID_cclib:G1WZrK4kHQSfLP1BLKd6ID_cclib.dll
 0000:00000000       .debug$S                   0000000180000000     G1WZrK4kHQSfLP1BLKd6ID_cclib:G1WZrK4kHQSfLP1BLKd6ID_cclib.dll
 0000:00000000       .debug$S                   0000000180000000     G1WZrK4kHQSfLP1BLKd6ID_cclib:G1WZrK4kHQSfLP1BLKd6ID_cclib.dll
 0000:00000000       .debug$S                   0000000180000000     G1WZrK4kHQSfLP1BLKd6ID_cclib:G1WZrK4kHQSfLP1BLKd6ID_cclib.dll
 0000:00000000       .debug$S                   0000000180000000     G1WZrK4kHQSfLP1BLKd6ID_cclib:G1WZrK4kHQSfLP1BLKd6ID_cclib.dll
 0000:00000000       .debug$S                   0000000180000000     G1WZrK4kHQSfLP1BLKd6ID_cclib:G1WZrK4kHQSfLP1BLKd6ID_cclib.dll
 0000:00000000       .debug$S                   0000000180000000     G1WZrK4kHQSfLP1BLKd6ID_cclib:G1WZrK4kHQSfLP1BLKd6ID_cclib.dll
 0000:00000000       .debug$S                   0000000180000000     G1WZrK4kHQSfLP1BLKd6ID_cclib:G1WZrK4kHQSfLP1BLKd6ID_cclib.dll
 0000:00000000       .debug$S                   0000000180000000     G1WZrK4kHQSfLP1BLKd6ID_cclib:G1WZrK4kHQSfLP1BLKd6ID_cclib.dll
 0000:00000000       .debug$S                   0000000180000000     G1WZrK4kHQSfLP1BLKd6ID_cclib:G1WZrK4kHQSfLP1BLKd6ID_cclib.dll
 0000:00000000       .debug$S                   0000000180000000     G1WZrK4kHQSfLP1BLKd6ID_cclib:G1WZrK4kHQSfLP1BLKd6ID_cclib.dll
 0000:00000000       .debug$S                   0000000180000000     G1WZrK4kHQSfLP1BLKd6ID_cclib:G1WZrK4kHQSfLP1BLKd6ID_cclib.dll
 0000:00000000       .debug$S                   0000000180000000     G1WZrK4kHQSfLP1BLKd6ID_cclib:G1WZrK4kHQSfLP1BLKd6ID_cclib.dll
 0000:00000000       .debug$S                   0000000180000000     G1WZrK4kHQSfLP1BLKd6ID_cclib:G1WZrK4kHQSfLP1BLKd6ID_cclib.dll
 0000:00000000       .debug$S                   0000000180000000     G1WZrK4kHQSfLP1BLKd6ID_cclib:G1WZrK4kHQSfLP1BLKd6ID_cclib.dll
 0000:00000000       .debug$S                   0000000180000000     G1WZrK4kHQSfLP1BLKd6ID_cclib:G1WZrK4kHQSfLP1BLKd6ID_cclib.dll
 0001:000032a8       $LN180                     00000001800042a8     TEST_IPM_2_0_sfun_registry.obj
 0001:00004094       $LN17                      0000000180005094     TEST_IPM_2_0_sfun_registry.obj
 0001:00004794       $LN26                      0000000180005794     TEST_IPM_2_0_sfun_registry.obj
 0001:00004e74       $LN23                      0000000180005e74     TEST_IPM_2_0_sfun_registry.obj
 0001:00005a2c       $LN26                      0000000180006a2c     TEST_IPM_2_0_sfun_registry.obj
 0001:000087c0       ProcessMexSfunctionCmdLineCall 00000001800097c0 f   TEST_IPM_2_0_sfun_registry.obj
 0001:00008b40       mdlSetWorkWidths           0000000180009b40 f   TEST_IPM_2_0_sfun_registry.obj
 0001:00008b90       mdlProcessParameters       0000000180009b90 f   TEST_IPM_2_0_sfun_registry.obj
 0001:00008bc0       mdl_start_processing       0000000180009bc0 f   TEST_IPM_2_0_sfun_registry.obj
 0001:00008c20       mdl_terminate_processing   0000000180009c20 f   TEST_IPM_2_0_sfun_registry.obj
 0001:00008ce0       mdlStart                   0000000180009ce0 f   TEST_IPM_2_0_sfun_registry.obj
 0001:00008d10       mdlTerminate               0000000180009d10 f   TEST_IPM_2_0_sfun_registry.obj
 0001:00008d40       mdlInitializeSizes         0000000180009d40 f   TEST_IPM_2_0_sfun_registry.obj
 0001:00008d70       mdlInitializeSampleTimes   0000000180009d70 f   TEST_IPM_2_0_sfun_registry.obj
 0001:00008da0       mdl_outputs_continuous_legacy 0000000180009da0 f   TEST_IPM_2_0_sfun_registry.obj
 0001:00008ea0       mdl_outputs_processing     0000000180009ea0 f   TEST_IPM_2_0_sfun_registry.obj
 0001:00008fc0       mdl_zeroCrossings_processing 0000000180009fc0 f   TEST_IPM_2_0_sfun_registry.obj
 0001:00009000       mdlZeroCrossings           000000018000a000 f   TEST_IPM_2_0_sfun_registry.obj
 0001:00009030       mdl_derivatives_processing 000000018000a030 f   TEST_IPM_2_0_sfun_registry.obj
[...]
 0003:00001320       $SG27045                   000000018001e320     TEST_IPM_2_0_sfun_registry.obj
 0003:00001348       $SG27050                   000000018001e348     TEST_IPM_2_0_sfun_registry.obj
 0003:00001370       $SG27046                   000000018001e370     TEST_IPM_2_0_sfun_registry.obj
 0003:00001400       $SG27051                   000000018001e400     TEST_IPM_2_0_sfun_registry.obj
 0003:00001490       $SG27055                   000000018001e490     TEST_IPM_2_0_sfun_registry.obj
 0003:000014b0       $SG27056                   000000018001e4b0     TEST_IPM_2_0_sfun_registry.obj
 0003:00001540       $SG27060                   000000018001e540     TEST_IPM_2_0_sfun_registry.obj
 0003:00001560       $SG27061                   000000018001e560     TEST_IPM_2_0_sfun_registry.obj
 0003:000015f0       $SG27065                   000000018001e5f0     TEST_IPM_2_0_sfun_registry.obj
 0003:00001608       $SG27101                   000000018001e608     TEST_IPM_2_0_sfun_registry.obj
 0003:00001620       $SG27066                   000000018001e620     TEST_IPM_2_0_sfun_registry.obj
 0003:000016b0       $SG27070                   000000018001e6b0     TEST_IPM_2_0_sfun_registry.obj
 0003:000016d0       $SG27071                   000000018001e6d0     TEST_IPM_2_0_sfun_registry.obj
 0003:00001760       $SG27075                   000000018001e760     TEST_IPM_2_0_sfun_registry.obj
 0003:00001780       $SG27076                   000000018001e780     TEST_IPM_2_0_sfun_registry.obj
 0003:00001810       $SG27080                   000000018001e810     TEST_IPM_2_0_sfun_registry.obj
 0003:00001830       $SG27081                   000000018001e830     TEST_IPM_2_0_sfun_registry.obj
 0003:000018c0       $SG27085                   000000018001e8c0     TEST_IPM_2_0_sfun_registry.obj
 0003:000018e0       $SG27086                   000000018001e8e0     TEST_IPM_2_0_sfun_registry.obj
 0003:00001970       $SG27090                   000000018001e970     TEST_IPM_2_0_sfun_registry.obj
 0003:00001990       $SG27091                   000000018001e990     TEST_IPM_2_0_sfun_registry.obj
 0003:00001a20       $SG27095                   000000018001ea20     TEST_IPM_2_0_sfun_registry.obj
 0003:00001a40       $SG27096                   000000018001ea40     TEST_IPM_2_0_sfun_registry.obj
 0003:00001ad0       $SG27102                   000000018001ead0     TEST_IPM_2_0_sfun_registry.obj
 0003:00001b60       $SG27107                   000000018001eb60     TEST_IPM_2_0_sfun_registry.obj
 0003:00001bf0       $SG27111                   000000018001ebf0     TEST_IPM_2_0_sfun_registry.obj
 0003:00001c08       $SG27131                   000000018001ec08     TEST_IPM_2_0_sfun_registry.obj
 0003:00001c20       $SG27112                   000000018001ec20     TEST_IPM_2_0_sfun_registry.obj
 0003:00001cb0       $SG27116                   000000018001ecb0     TEST_IPM_2_0_sfun_registry.obj
 0003:00001cc0       $SG27117                   000000018001ecc0     TEST_IPM_2_0_sfun_registry.obj
 0003:00001d50       $SG27121                   000000018001ed50     TEST_IPM_2_0_sfun_registry.obj
 0003:00001d60       $SG27122                   000000018001ed60     TEST_IPM_2_0_sfun_registry.obj
 0003:00001df0       $SG27126                   000000018001edf0     TEST_IPM_2_0_sfun_registry.obj
 0003:00001e00       $SG27127                   000000018001ee00     TEST_IPM_2_0_sfun_registry.obj
 0003:00001e90       $SG27132                   000000018001ee90     TEST_IPM_2_0_sfun_registry.obj
 0003:00001f20       $SG27136                   000000018001ef20     TEST_IPM_2_0_sfun_registry.obj
 0003:00001f38       $SG27141                   000000018001ef38     TEST_IPM_2_0_sfun_registry.obj
 0003:00001f48       $SG27213                   000000018001ef48     TEST_IPM_2_0_sfun_registry.obj
 0003:00001f60       $SG27137                   000000018001ef60     TEST_IPM_2_0_sfun_registry.obj
 0003:00001ff0       $SG27142                   000000018001eff0     TEST_IPM_2_0_sfun_registry.obj
 0003:00002080       $SG27150                   000000018001f080     TEST_IPM_2_0_sfun_registry.obj
 0003:00002090       $SG27151                   000000018001f090     TEST_IPM_2_0_sfun_registry.obj
 0003:00002120       $SG27155                   000000018001f120     TEST_IPM_2_0_sfun_registry.obj
 0003:00002130       $SG27156                   000000018001f130     TEST_IPM_2_0_sfun_registry.obj
 0003:000021c0       $SG27160                   000000018001f1c0     TEST_IPM_2_0_sfun_registry.obj
 0003:000021d0       $SG27161                   000000018001f1d0     TEST_IPM_2_0_sfun_registry.obj
 0003:00002260       $SG27166                   000000018001f260     TEST_IPM_2_0_sfun_registry.obj
 0003:00002270       $SG27167                   000000018001f270     TEST_IPM_2_0_sfun_registry.obj
 0003:00002300       $SG27171                   000000018001f300     TEST_IPM_2_0_sfun_registry.obj
 0003:00002380       $SG27201                   000000018001f380     TEST_IPM_2_0_sfun_registry.obj
 0003:00002498       $SG27223                   000000018001f498     TEST_IPM_2_0_sfun_registry.obj
 0003:000024a8       $SG27235                   000000018001f4a8     TEST_IPM_2_0_sfun_registry.obj
 0003:000024b8       $SG27245                   000000018001f4b8     TEST_IPM_2_0_sfun_registry.obj
 0003:000024c8       $SG27257                   000000018001f4c8     TEST_IPM_2_0_sfun_registry.obj
 0003:000024d8       $SG27267                   000000018001f4d8     TEST_IPM_2_0_sfun_registry.obj
 0003:000024e8       $SG27277                   000000018001f4e8     TEST_IPM_2_0_sfun_registry.obj
 0003:00002508       $SG25122                   000000018001f508     canblocks_extras_sfun:canblocks_extras_sfun.obj
 0003:00002520       $SG25127                   000000018001f520     canblocks_extras_sfun:canblocks_extras_sfun.obj
 0003:00002528       $SG25130                   000000018001f528     canblocks_extras_sfun:canblocks_extras_sfun.obj
 0003:00002540       $SG25166                   000000018001f540     canblocks_extras_sfun:canblocks_extras_sfun.obj
 0003:00002560       $SG25169                   000000018001f560     canblocks_extras_sfun:canblocks_extras_sfun.obj
 0003:00002578       $SG25198                   000000018001f578     canblocks_extras_sfun:canblocks_extras_sfun.obj
 0003:00002598       $SG25201                   000000018001f598     canblocks_extras_sfun:canblocks_extras_sfun.obj
 0003:000025b0       $SG25230                   000000018001f5b0     canblocks_extras_sfun:canblocks_extras_sfun.obj
 0003:000025c8       $SG25233                   000000018001f5c8     canblocks_extras_sfun:canblocks_extras_sfun.obj
 0003:000025e0       $SG25263                   000000018001f5e0     canblocks_extras_sfun:canblocks_extras_sfun.obj
 0003:000025f8       $SG25266                   000000018001f5f8     canblocks_extras_sfun:canblocks_extras_sfun.obj
 0003:00002610       $SG25295                   000000018001f610     canblocks_extras_sfun:canblocks_extras_sfun.obj
 0003:00002630       $SG25298                   000000018001f630     canblocks_extras_sfun:canblocks_extras_sfun.obj
 0003:00002648       $SG25324                   000000018001f648     canblocks_extras_sfun:canblocks_extras_sfun.obj
 0003:00002658       $SG25325                   000000018001f658     canblocks_extras_sfun:canblocks_extras_sfun.obj
 0003:00002670       $SG25342                   000000018001f670     canblocks_extras_sfun:c28_canblocks_extras.obj
 0003:00002688       $SG25343                   000000018001f688     canblocks_extras_sfun:c28_canblocks_extras.obj
 0003:0000269c       $SG25403                   000000018001f69c     canblocks_extras_sfun:c28_canblocks_extras.obj
 0003:000026a0       $SG25344                   000000018001f6a0     canblocks_extras_sfun:c28_canblocks_extras.obj
 0003:000026b0       $SG25345                   000000018001f6b0     canblocks_extras_sfun:c28_canblocks_extras.obj
 0003:000026c0       $SG25346                   000000018001f6c0     canblocks_extras_sfun:c28_canblocks_extras.obj
 0003:000026d0       $SG25347                   000000018001f6d0     canblocks_extras_sfun:c28_canblocks_extras.obj
 0003:000026e0       $SG25348                   000000018001f6e0     canblocks_extras_sfun:c28_canblocks_extras.obj
 0003:000026f4       $SG25404                   000000018001f6f4     canblocks_extras_sfun:c28_canblocks_extras.obj
 0003:000026f8       $SG25349                   000000018001f6f8     canblocks_extras_sfun:c28_canblocks_extras.obj
 0003:0000270c       $SG25405                   000000018001f70c     canblocks_extras_sfun:c28_canblocks_extras.obj
 0003:00002710       $SG25350                   000000018001f710     canblocks_extras_sfun:c28_canblocks_extras.obj
 0003:00002724       $SG26365                   000000018001f724     canblocks_extras_sfun:c28_canblocks_extras.obj
 0003:00002730       $SG25351                   000000018001f730     canblocks_extras_sfun:c28_canblocks_extras.obj
 0003:00002748       $SG25352                   000000018001f748     canblocks_extras_sfun:c28_canblocks_extras.obj
 0003:00002760       $SG25353                   000000018001f760     canblocks_extras_sfun:c28_canblocks_extras.obj
 0003:00002778       $SG25354                   000000018001f778     canblocks_extras_sfun:c28_canblocks_extras.obj
 0003:00002790       $SG25355                   000000018001f790     canblocks_extras_sfun:c28_canblocks_extras.obj
 0003:000027a0       $SG25362                   000000018001f7a0     canblocks_extras_sfun:c28_canblocks_extras.obj
 0003:000027b0       $SG25412                   000000018001f7b0     canblocks_extras_sfun:c28_canblocks_extras.obj
 0003:000027c0       $SG25413                   000000018001f7c0     canblocks_extras_sfun:c28_canblocks_extras.obj
 0003:000027e0       $SG25414                   000000018001f7e0     canblocks_extras_sfun:c28_canblocks_extras.obj
 0003:000027f8       $SG25415                   000000018001f7f8     canblocks_extras_sfun:c28_canblocks_extras.obj
 0003:00002818       $SG26221                   000000018001f818     canblocks_extras_sfun:c28_canblocks_extras.obj
 0003:00002828       $SG26367                   000000018001f828     canblocks_extras_sfun:c28_canblocks_extras.obj
 0003:00002830       $SG26369                   000000018001f830     canblocks_extras_sfun:c28_canblocks_extras.obj
 0003:00002838       $SG26371                   000000018001f838     canblocks_extras_sfun:c28_canblocks_extras.obj
 0003:00002840       $SG26373                   000000018001f840     canblocks_extras_sfun:c28_canblocks_extras.obj
 0003:00002848       $SG26375                   000000018001f848     canblocks_extras_sfun:c28_canblocks_extras.obj
 0003:00002850       $SG26377                   000000018001f850     canblocks_extras_sfun:c28_canblocks_extras.obj
 0003:00002858       $SG26379                   000000018001f858     canblocks_extras_sfun:c28_canblocks_extras.obj
 0003:00002860       $SG26381                   000000018001f860     canblocks_extras_sfun:c28_canblocks_extras.obj
 0003:00002868       $SG26383                   000000018001f868     canblocks_extras_sfun:c28_canblocks_extras.obj
 0003:00002870       $SG26385                   000000018001f870     canblocks_extras_sfun:c28_canblocks_extras.obj
 0003:00002878       $SG26387                   000000018001f878     canblocks_extras_sfun:c28_canblocks_extras.obj
 0003:00002880       $SG26389                   000000018001f880     canblocks_extras_sfun:c28_canblocks_extras.obj
 0003:00002888       $SG26391                   000000018001f888     canblocks_extras_sfun:c28_canblocks_extras.obj
 0003:00002890       $SG26393                   000000018001f890     canblocks_extras_sfun:c28_canblocks_extras.obj
 0003:00002898       $SG26395                   000000018001f898     canblocks_extras_sfun:c28_canblocks_extras.obj
 0003:000028a0       $SG26397                   000000018001f8a0     canblocks_extras_sfun:c28_canblocks_extras.obj
 0003:000028a8       $SG26399                   000000018001f8a8     canblocks_extras_sfun:c28_canblocks_extras.obj
 0003:000028b0       $SG26401                   000000018001f8b0     canblocks_extras_sfun:c28_canblocks_extras.obj
 0003:000028b8       $SG26403                   000000018001f8b8     canblocks_extras_sfun:c28_canblocks_extras.obj
 0003:000028c0       $SG26405                   000000018001f8c0     canblocks_extras_sfun:c28_canblocks_extras.obj
 0003:000028c8       $SG26407                   000000018001f8c8     canblocks_extras_sfun:c28_canblocks_extras.obj
 0003:000028d0       $SG26409                   000000018001f8d0     canblocks_extras_sfun:c28_canblocks_extras.obj
 0003:000028d8       $SG26411                   000000018001f8d8     canblocks_extras_sfun:c28_canblocks_extras.obj
 0003:000028e0       $SG26413                   000000018001f8e0     canblocks_extras_sfun:c28_canblocks_extras.obj
 0003:000028e8       $SG26415                   000000018001f8e8     canblocks_extras_sfun:c28_canblocks_extras.obj
 0003:000028f0       $SG26417                   000000018001f8f0     canblocks_extras_sfun:c28_canblocks_extras.obj
 0003:000028f8       $SG26605                   000000018001f8f8     canblocks_extras_sfun:c28_canblocks_extras.obj
 0003:00002908       $SG26607                   000000018001f908     canblocks_extras_sfun:c28_canblocks_extras.obj
 0003:00002918       $SG26609                   000000018001f918     canblocks_extras_sfun:c28_canblocks_extras.obj
 0003:00002930       $SG26611                   000000018001f930     canblocks_extras_sfun:c28_canblocks_extras.obj
 0003:00002948       $SG26613                   000000018001f948     canblocks_extras_sfun:c28_canblocks_extras.obj
 0003:0000295c       $SG26614                   000000018001f95c     canblocks_extras_sfun:c28_canblocks_extras.obj
 0003:00002968       $SG26615                   000000018001f968     canblocks_extras_sfun:c28_canblocks_extras.obj
 0003:00002978       $SG26631                   000000018001f978     canblocks_extras_sfun:c28_canblocks_extras.obj
 0003:00002988       $SG26633                   000000018001f988     canblocks_extras_sfun:c28_canblocks_extras.obj
 0003:00002990       $SG26634                   000000018001f990     canblocks_extras_sfun:c28_canblocks_extras.obj
 0003:00002aa0       $SG26719                   000000018001faa0     canblocks_extras_sfun:c28_canblocks_extras.obj
 0003:00002af0       $SG26721                   000000018001faf0     canblocks_extras_sfun:c28_canblocks_extras.obj
 0003:00002b40       $SG26723                   000000018001fb40     canblocks_extras_sfun:c28_canblocks_extras.obj
 0003:00002b90       $SG26725                   000000018001fb90     canblocks_extras_sfun:c28_canblocks_extras.obj
 0003:00002be0       $SG26727                   000000018001fbe0     canblocks_extras_sfun:c28_canblocks_extras.obj
 0003:00002c30       $SG26729                   000000018001fc30     canblocks_extras_sfun:c28_canblocks_extras.obj
 0003:00002c80       $SG26731                   000000018001fc80     canblocks_extras_sfun:c28_canblocks_extras.obj
 0003:00002cd0       $SG26733                   000000018001fcd0     canblocks_extras_sfun:c28_canblocks_extras.obj
 0003:00002d20       $SG26735                   000000018001fd20     canblocks_extras_sfun:c28_canblocks_extras.obj
 0003:00002d70       $SG26737                   000000018001fd70     canblocks_extras_sfun:c28_canblocks_extras.obj
 0003:00002dc0       $SG26739                   000000018001fdc0     canblocks_extras_sfun:c28_canblocks_extras.obj
 0003:00002e10       $SG26741                   000000018001fe10     canblocks_extras_sfun:c28_canblocks_extras.obj
 0003:00002e60       $SG26743                   000000018001fe60     canblocks_extras_sfun:c28_canblocks_extras.obj
 0003:00002eb0       $SG26745                   000000018001feb0     canblocks_extras_sfun:c28_canblocks_extras.obj
 0003:00002f00       $SG26747                   000000018001ff00     canblocks_extras_sfun:c28_canblocks_extras.obj
 0003:00002f50       $SG26749                   000000018001ff50     canblocks_extras_sfun:c28_canblocks_extras.obj
 0003:00002fa0       $SG26751                   000000018001ffa0     canblocks_extras_sfun:c28_canblocks_extras.obj
 0003:00002ff0       $SG26753                   000000018001fff0     canblocks_extras_sfun:c28_canblocks_extras.obj
 0003:00003040       $SG26755                   0000000180020040     canblocks_extras_sfun:c28_canblocks_extras.obj
 0003:00003090       $SG26757                   0000000180020090     canblocks_extras_sfun:c28_canblocks_extras.obj
 0003:000030e0       $SG26759                   00000001800200e0     canblocks_extras_sfun:c28_canblocks_extras.obj
 0003:00003130       $SG26761                   0000000180020130     canblocks_extras_sfun:c28_canblocks_extras.obj
 0003:00003180       $SG26763                   0000000180020180     canblocks_extras_sfun:c28_canblocks_extras.obj
 0003:000031d0       $SG26765                   00000001800201d0     canblocks_extras_sfun:c28_canblocks_extras.obj
 0003:00003220       $SG26767                   0000000180020220     canblocks_extras_sfun:c28_canblocks_extras.obj
 0003:00003270       $SG26769                   0000000180020270     canblocks_extras_sfun:c28_canblocks_extras.obj
 0003:000032c0       $SG26771                   00000001800202c0     canblocks_extras_sfun:c28_canblocks_extras.obj
 0003:000032e0       $SG26784                   00000001800202e0     canblocks_extras_sfun:c28_canblocks_extras.obj
 0003:000032f0       $SG26785                   00000001800202f0     canblocks_extras_sfun:c28_canblocks_extras.obj
 0003:00003308       $SG26808                   0000000180020308     canblocks_extras_sfun:c28_canblocks_extras.obj
 0003:00003340       $SG26823                   0000000180020340     canblocks_extras_sfun:c28_canblocks_extras.obj
 0003:000033f0       sRtwOptimizationInfoStruct 00000001800203f0     TEST_IPM_2_0_sfun.obj
 0003:000033f8       sOptimizationInfoFlags     00000001800203f8     TEST_IPM_2_0_sfun.obj
 0003:000033fc       sfGlobalMdlStartCallCounts 00000001800203fc     TEST_IPM_2_0_sfun_registry.obj
 0003:00003400       $SG26690                   0000000180020400     TEST_IPM_2_0_sfun_registry.obj
 0003:00003408       sRtwOptimizationInfoStruct 0000000180020408     canblocks_extras_sfun:canblocks_extras_sfun.obj
 0003:00003410       sOptimizationInfoFlags     0000000180020410     canblocks_extras_sfun:canblocks_extras_sfun.obj
 0003:00003420       _sfTime_                   0000000180020420     canblocks_extras_sfun:c28_canblocks_extras.obj
 0003:00003428       $SG26616                   0000000180020428     canblocks_extras_sfun:c28_canblocks_extras.obj
 0003:00003429       $SG26617                   0000000180020429     canblocks_extras_sfun:c28_canblocks_extras.obj
 0003:0000342a       $SG26618                   000000018002042a     canblocks_extras_sfun:c28_canblocks_extras.obj
 0003:0000342b       $SG26773                   000000018002042b     canblocks_extras_sfun:c28_canblocks_extras.obj
 0003:00003430       ?newstr@?1??sf_c28_canblocks_extras_get_post_codegen_info@@9@9 0000000180020430     canblocks_extras_sfun:c28_canblocks_extras.obj
 0003:00003bf0       GS_ExceptionRecord         0000000180020bf0     MSVCRT:gs_report.obj
 0003:00003c90       GS_ContextRecord           0000000180020c90     MSVCRT:gs_report.obj
 0003:00004160       ?__proc_attached@@3HA      0000000180021160     MSVCRT:dll_dllmain.obj
 0003:000041a0       ?is_initialized_as_dll@@3_NA 00000001800211a0     MSVCRT:utility.obj
 0003:000041a1       ?module_local_atexit_table_initialized@@3_NA 00000001800211a1     MSVCRT:utility.obj
 0003:000041a8       ?module_local_atexit_table@@3U_onexit_table_t@@A 00000001800211a8     MSVCRT:utility.obj
 0003:000041c0       ?module_local_at_quick_exit_table@@3U_onexit_table_t@@A 00000001800211c0     MSVCRT:utility.obj
